<!doctype html public "-//w3c//dtd html 4.0 transitional//en">
<html><head>
<title>Static Call Graph - [.\Objects\MM32F327X_G8P.axf]</title></head>
<body><HR>
<H1>Static Call Graph for image .\Objects\MM32F327X_G8P.axf</H1><HR>
<BR><P>#&#060CALLGRAPH&#062# ARM Linker, 6180002: Last Updated: Mon Jul 14 18:31:59 2025
<BR><P>
<H3>Maximum Stack Usage =       1016 bytes + Unknown(Cycles, Untraceable Function Pointers)</H3><H3>
Call chain for Maximum Stack Depth:</H3>
main &rArr; all_init &rArr; mt9v03x_init &rArr; mt9v03x_set_config_sccb &rArr; mt9v03x_read_word_sccb &rArr; soft_iic_sccb_read_register &rArr; soft_iic_read_data &rArr; soft_iic_send_ack &rArr; debug_assert_handler &rArr; debug_output &rArr; sprintf
<P>
<H3>
Mutually Recursive functions
</H3> <LI><a href="#[1]">NMI_Handler</a>&nbsp;&nbsp;&nbsp;&rArr;&nbsp;&nbsp;&nbsp;<a href="#[1]">NMI_Handler</a><BR>
 <LI><a href="#[2]">HardFault_Handler</a>&nbsp;&nbsp;&nbsp;&rArr;&nbsp;&nbsp;&nbsp;<a href="#[2]">HardFault_Handler</a><BR>
 <LI><a href="#[3]">MemManage_Handler</a>&nbsp;&nbsp;&nbsp;&rArr;&nbsp;&nbsp;&nbsp;<a href="#[3]">MemManage_Handler</a><BR>
 <LI><a href="#[4]">BusFault_Handler</a>&nbsp;&nbsp;&nbsp;&rArr;&nbsp;&nbsp;&nbsp;<a href="#[4]">BusFault_Handler</a><BR>
 <LI><a href="#[5]">UsageFault_Handler</a>&nbsp;&nbsp;&nbsp;&rArr;&nbsp;&nbsp;&nbsp;<a href="#[5]">UsageFault_Handler</a><BR>
 <LI><a href="#[6]">SVC_Handler</a>&nbsp;&nbsp;&nbsp;&rArr;&nbsp;&nbsp;&nbsp;<a href="#[6]">SVC_Handler</a><BR>
 <LI><a href="#[7]">DebugMon_Handler</a>&nbsp;&nbsp;&nbsp;&rArr;&nbsp;&nbsp;&nbsp;<a href="#[7]">DebugMon_Handler</a><BR>
 <LI><a href="#[8]">PendSV_Handler</a>&nbsp;&nbsp;&nbsp;&rArr;&nbsp;&nbsp;&nbsp;<a href="#[8]">PendSV_Handler</a><BR>
 <LI><a href="#[9]">SysTick_Handler</a>&nbsp;&nbsp;&nbsp;&rArr;&nbsp;&nbsp;&nbsp;<a href="#[9]">SysTick_Handler</a><BR>
 <LI><a href="#[1c]">ADC1_2_IRQHandler</a>&nbsp;&nbsp;&nbsp;&rArr;&nbsp;&nbsp;&nbsp;<a href="#[1c]">ADC1_2_IRQHandler</a><BR>
</UL>
<P>
<H3>
Function Pointers
</H3><UL>
 <LI><a href="#[1c]">ADC1_2_IRQHandler</a> from startup_mm32f3277g.o(.text) referenced from startup_mm32f3277g.o(RESET)
 <LI><a href="#[35]">ADC3_IRQHandler</a> from startup_mm32f3277g.o(.text) referenced from startup_mm32f3277g.o(RESET)
 <LI><a href="#[4]">BusFault_Handler</a> from startup_mm32f3277g.o(.text) referenced from startup_mm32f3277g.o(RESET)
 <LI><a href="#[1e]">CAN1_RX_IRQHandler</a> from startup_mm32f3277g.o(.text) referenced from startup_mm32f3277g.o(RESET)
 <LI><a href="#[43]">COMP1_2_IRQHandler</a> from startup_mm32f3277g.o(.text) referenced from startup_mm32f3277g.o(RESET)
 <LI><a href="#[15]">DMA1_Channel1_IRQHandler</a> from isr.o(.text.DMA1_Channel1_IRQHandler) referenced from startup_mm32f3277g.o(RESET)
 <LI><a href="#[16]">DMA1_Channel2_IRQHandler</a> from isr.o(.text.DMA1_Channel2_IRQHandler) referenced from startup_mm32f3277g.o(RESET)
 <LI><a href="#[17]">DMA1_Channel3_IRQHandler</a> from isr.o(.text.DMA1_Channel3_IRQHandler) referenced from startup_mm32f3277g.o(RESET)
 <LI><a href="#[18]">DMA1_Channel4_IRQHandler</a> from isr.o(.text.DMA1_Channel4_IRQHandler) referenced from startup_mm32f3277g.o(RESET)
 <LI><a href="#[19]">DMA1_Channel5_IRQHandler</a> from isr.o(.text.DMA1_Channel5_IRQHandler) referenced from startup_mm32f3277g.o(RESET)
 <LI><a href="#[1a]">DMA1_Channel6_IRQHandler</a> from isr.o(.text.DMA1_Channel6_IRQHandler) referenced from startup_mm32f3277g.o(RESET)
 <LI><a href="#[1b]">DMA1_Channel7_IRQHandler</a> from isr.o(.text.DMA1_Channel7_IRQHandler) referenced from startup_mm32f3277g.o(RESET)
 <LI><a href="#[3d]">DMA2_Channel1_IRQHandler</a> from isr.o(.text.DMA2_Channel1_IRQHandler) referenced from startup_mm32f3277g.o(RESET)
 <LI><a href="#[3e]">DMA2_Channel2_IRQHandler</a> from isr.o(.text.DMA2_Channel2_IRQHandler) referenced from startup_mm32f3277g.o(RESET)
 <LI><a href="#[3f]">DMA2_Channel3_IRQHandler</a> from isr.o(.text.DMA2_Channel3_IRQHandler) referenced from startup_mm32f3277g.o(RESET)
 <LI><a href="#[40]">DMA2_Channel4_IRQHandler</a> from isr.o(.text.DMA2_Channel4_IRQHandler) referenced from startup_mm32f3277g.o(RESET)
 <LI><a href="#[41]">DMA2_Channel5_IRQHandler</a> from isr.o(.text.DMA2_Channel5_IRQHandler) referenced from startup_mm32f3277g.o(RESET)
 <LI><a href="#[7]">DebugMon_Handler</a> from startup_mm32f3277g.o(.text) referenced from startup_mm32f3277g.o(RESET)
 <LI><a href="#[42]">ETH_IRQHandler</a> from startup_mm32f3277g.o(.text) referenced from startup_mm32f3277g.o(RESET)
 <LI><a href="#[10]">EXTI0_IRQHandler</a> from isr.o(.text.EXTI0_IRQHandler) referenced from startup_mm32f3277g.o(RESET)
 <LI><a href="#[2e]">EXTI15_10_IRQHandler</a> from isr.o(.text.EXTI15_10_IRQHandler) referenced from startup_mm32f3277g.o(RESET)
 <LI><a href="#[11]">EXTI1_IRQHandler</a> from isr.o(.text.EXTI1_IRQHandler) referenced from startup_mm32f3277g.o(RESET)
 <LI><a href="#[12]">EXTI2_IRQHandler</a> from isr.o(.text.EXTI2_IRQHandler) referenced from startup_mm32f3277g.o(RESET)
 <LI><a href="#[13]">EXTI3_IRQHandler</a> from isr.o(.text.EXTI3_IRQHandler) referenced from startup_mm32f3277g.o(RESET)
 <LI><a href="#[14]">EXTI4_IRQHandler</a> from isr.o(.text.EXTI4_IRQHandler) referenced from startup_mm32f3277g.o(RESET)
 <LI><a href="#[1f]">EXTI9_5_IRQHandler</a> from isr.o(.text.EXTI9_5_IRQHandler) referenced from startup_mm32f3277g.o(RESET)
 <LI><a href="#[e]">FLASH_IRQHandler</a> from startup_mm32f3277g.o(.text) referenced from startup_mm32f3277g.o(RESET)
 <LI><a href="#[1d]">FlashCache_IRQHandler</a> from startup_mm32f3277g.o(.text) referenced from startup_mm32f3277g.o(RESET)
 <LI><a href="#[2]">HardFault_Handler</a> from startup_mm32f3277g.o(.text) referenced from startup_mm32f3277g.o(RESET)
 <LI><a href="#[27]">I2C1_IRQHandler</a> from startup_mm32f3277g.o(.text) referenced from startup_mm32f3277g.o(RESET)
 <LI><a href="#[28]">I2C2_IRQHandler</a> from startup_mm32f3277g.o(.text) referenced from startup_mm32f3277g.o(RESET)
 <LI><a href="#[3]">MemManage_Handler</a> from startup_mm32f3277g.o(.text) referenced from startup_mm32f3277g.o(RESET)
 <LI><a href="#[1]">NMI_Handler</a> from startup_mm32f3277g.o(.text) referenced from startup_mm32f3277g.o(RESET)
 <LI><a href="#[44]">OTG_FS_IRQHandler</a> from startup_mm32f3277g.o(.text) referenced from startup_mm32f3277g.o(RESET)
 <LI><a href="#[30]">OTG_FS_WKUP_IRQHandler</a> from startup_mm32f3277g.o(.text) referenced from startup_mm32f3277g.o(RESET)
 <LI><a href="#[b]">PVD_IRQHandler</a> from startup_mm32f3277g.o(.text) referenced from startup_mm32f3277g.o(RESET)
 <LI><a href="#[8]">PendSV_Handler</a> from startup_mm32f3277g.o(.text) referenced from startup_mm32f3277g.o(RESET)
 <LI><a href="#[f]">RCC_CRS_IRQHandler</a> from startup_mm32f3277g.o(.text) referenced from startup_mm32f3277g.o(RESET)
 <LI><a href="#[2f]">RTCAlarm_IRQHandler</a> from startup_mm32f3277g.o(.text) referenced from startup_mm32f3277g.o(RESET)
 <LI><a href="#[d]">RTC_IRQHandler</a> from startup_mm32f3277g.o(.text) referenced from startup_mm32f3277g.o(RESET)
 <LI><a href="#[0]">Reset_Handler</a> from startup_mm32f3277g.o(.text) referenced from startup_mm32f3277g.o(RESET)
 <LI><a href="#[36]">SDIO_IRQHandler</a> from startup_mm32f3277g.o(.text) referenced from startup_mm32f3277g.o(RESET)
 <LI><a href="#[29]">SPI1_IRQHandler</a> from startup_mm32f3277g.o(.text) referenced from startup_mm32f3277g.o(RESET)
 <LI><a href="#[2a]">SPI2_IRQHandler</a> from startup_mm32f3277g.o(.text) referenced from startup_mm32f3277g.o(RESET)
 <LI><a href="#[38]">SPI3_IRQHandler</a> from startup_mm32f3277g.o(.text) referenced from startup_mm32f3277g.o(RESET)
 <LI><a href="#[6]">SVC_Handler</a> from startup_mm32f3277g.o(.text) referenced from startup_mm32f3277g.o(RESET)
 <LI><a href="#[9]">SysTick_Handler</a> from startup_mm32f3277g.o(.text) referenced from startup_mm32f3277g.o(RESET)
 <LI><a href="#[49]">SystemInit</a> from system_mm32f3277g.o(.text.SystemInit) referenced from startup_mm32f3277g.o(.text)
 <LI><a href="#[c]">TAMPER_IRQHandler</a> from startup_mm32f3277g.o(.text) referenced from startup_mm32f3277g.o(RESET)
 <LI><a href="#[20]">TIM1_BRK_IRQHandler</a> from startup_mm32f3277g.o(.text) referenced from startup_mm32f3277g.o(RESET)
 <LI><a href="#[23]">TIM1_CC_IRQHandler</a> from startup_mm32f3277g.o(.text) referenced from startup_mm32f3277g.o(RESET)
 <LI><a href="#[22]">TIM1_TRG_COM_IRQHandler</a> from startup_mm32f3277g.o(.text) referenced from startup_mm32f3277g.o(RESET)
 <LI><a href="#[21]">TIM1_UP_IRQHandler</a> from isr.o(.text.TIM1_UP_IRQHandler) referenced from startup_mm32f3277g.o(RESET)
 <LI><a href="#[24]">TIM2_IRQHandler</a> from isr.o(.text.TIM2_IRQHandler) referenced from startup_mm32f3277g.o(RESET)
 <LI><a href="#[25]">TIM3_IRQHandler</a> from isr.o(.text.TIM3_IRQHandler) referenced from startup_mm32f3277g.o(RESET)
 <LI><a href="#[26]">TIM4_IRQHandler</a> from isr.o(.text.TIM4_IRQHandler) referenced from startup_mm32f3277g.o(RESET)
 <LI><a href="#[37]">TIM5_IRQHandler</a> from isr.o(.text.TIM5_IRQHandler) referenced from startup_mm32f3277g.o(RESET)
 <LI><a href="#[3b]">TIM6_IRQHandler</a> from isr.o(.text.TIM6_IRQHandler) referenced from startup_mm32f3277g.o(RESET)
 <LI><a href="#[3c]">TIM7_IRQHandler</a> from isr.o(.text.TIM7_IRQHandler) referenced from startup_mm32f3277g.o(RESET)
 <LI><a href="#[31]">TIM8_BRK_IRQHandler</a> from startup_mm32f3277g.o(.text) referenced from startup_mm32f3277g.o(RESET)
 <LI><a href="#[34]">TIM8_CC_IRQHandler</a> from startup_mm32f3277g.o(.text) referenced from startup_mm32f3277g.o(RESET)
 <LI><a href="#[33]">TIM8_TRG_COM_IRQHandler</a> from startup_mm32f3277g.o(.text) referenced from startup_mm32f3277g.o(RESET)
 <LI><a href="#[32]">TIM8_UP_IRQHandler</a> from isr.o(.text.TIM8_UP_IRQHandler) referenced from startup_mm32f3277g.o(RESET)
 <LI><a href="#[2b]">UART1_IRQHandler</a> from isr.o(.text.UART1_IRQHandler) referenced from startup_mm32f3277g.o(RESET)
 <LI><a href="#[2c]">UART2_IRQHandler</a> from isr.o(.text.UART2_IRQHandler) referenced from startup_mm32f3277g.o(RESET)
 <LI><a href="#[2d]">UART3_IRQHandler</a> from isr.o(.text.UART3_IRQHandler) referenced from startup_mm32f3277g.o(RESET)
 <LI><a href="#[39]">UART4_IRQHandler</a> from isr.o(.text.UART4_IRQHandler) referenced from startup_mm32f3277g.o(RESET)
 <LI><a href="#[3a]">UART5_IRQHandler</a> from isr.o(.text.UART5_IRQHandler) referenced from startup_mm32f3277g.o(RESET)
 <LI><a href="#[45]">UART6_IRQHandler</a> from isr.o(.text.UART6_IRQHandler) referenced from startup_mm32f3277g.o(RESET)
 <LI><a href="#[46]">UART7_IRQHandler</a> from isr.o(.text.UART7_IRQHandler) referenced from startup_mm32f3277g.o(RESET)
 <LI><a href="#[47]">UART8_IRQHandler</a> from isr.o(.text.UART8_IRQHandler) referenced from startup_mm32f3277g.o(RESET)
 <LI><a href="#[5]">UsageFault_Handler</a> from startup_mm32f3277g.o(.text) referenced from startup_mm32f3277g.o(RESET)
 <LI><a href="#[a]">WWDG_IRQHandler</a> from startup_mm32f3277g.o(.text) referenced from startup_mm32f3277g.o(RESET)
 <LI><a href="#[4a]">__main</a> from entry.o(.ARM.Collect$$$$00000000) referenced from startup_mm32f3277g.o(.text)
 <LI><a href="#[54]">_sputc</a> from printfa.o(i._sputc) referenced from printfa.o(i.__0sprintf)
 <LI><a href="#[4b]">debug_uart_str_output</a> from zf_common_debug.o(.text.debug_uart_str_output) referenced 2 times from zf_common_debug.o(.text.debug_init)
 <LI><a href="#[53]">fputc</a> from zf_common_debug.o(.text.fputc) referenced from printfa.o(i.__0printf)
 <LI><a href="#[4d]">ips200_clear</a> from zf_device_ips200.o(.text.ips200_clear) referenced 2 times from zf_device_ips200.o(.text.ips200_debug_init)
 <LI><a href="#[4c]">ips200_show_string</a> from zf_device_ips200.o(.text.ips200_show_string) referenced 2 times from zf_device_ips200.o(.text.ips200_debug_init)
 <LI><a href="#[48]">main</a> from main.o(.text.main) referenced from entry9a.o(.ARM.Collect$$$$0000000B)
 <LI><a href="#[4f]">mt9v03x_dma_handler</a> from zf_device_mt9v03x.o(.text.mt9v03x_dma_handler) referenced 4 times from zf_device_mt9v03x.o(.text.mt9v03x_init)
 <LI><a href="#[50]">mt9v03x_uart_handler</a> from zf_device_mt9v03x.o(.text.mt9v03x_uart_handler) referenced 2 times from zf_device_mt9v03x.o(.text.mt9v03x_init)
 <LI><a href="#[4e]">mt9v03x_vsync_handler</a> from zf_device_mt9v03x.o(.text.mt9v03x_vsync_handler) referenced 4 times from zf_device_mt9v03x.o(.text.mt9v03x_init)
 <LI><a href="#[51]">type_default_callback</a> from zf_device_type.o(.text.type_default_callback) referenced from zf_device_type.o(.data.camera_dma_handler)
 <LI><a href="#[51]">type_default_callback</a> from zf_device_type.o(.text.type_default_callback) referenced from zf_device_type.o(.data.camera_uart_handler)
 <LI><a href="#[51]">type_default_callback</a> from zf_device_type.o(.text.type_default_callback) referenced from zf_device_type.o(.data.camera_vsync_handler)
 <LI><a href="#[51]">type_default_callback</a> from zf_device_type.o(.text.type_default_callback) referenced from zf_device_type.o(.data.wireless_module_uart_handler)
 <LI><a href="#[51]">type_default_callback</a> from zf_device_type.o(.text.type_default_callback) referenced 6 times from zf_device_type.o(.text.set_camera_type)
 <LI><a href="#[51]">type_default_callback</a> from zf_device_type.o(.text.type_default_callback) referenced 2 times from zf_device_type.o(.text.set_wireless_type)
 <LI><a href="#[52]">wireless_uart_callback</a> from zf_device_wireless_uart.o(.text.wireless_uart_callback) referenced 2 times from zf_device_wireless_uart.o(.text.wireless_uart_init)
</UL>
<P>
<H3>
Global Symbols
</H3>
<P><STRONG><a name="[4a]"></a>__main</STRONG> (Thumb, 0 bytes, Stack size unknown bytes, entry.o(.ARM.Collect$$$$00000000))
<BR>[Address Reference Count : 1]<UL><LI> startup_mm32f3277g.o(.text)
</UL>
<P><STRONG><a name="[10a]"></a>_main_stk</STRONG> (Thumb, 0 bytes, Stack size unknown bytes, entry4.o(.ARM.Collect$$$$00000003))

<P><STRONG><a name="[55]"></a>_main_scatterload</STRONG> (Thumb, 0 bytes, Stack size unknown bytes, entry5.o(.ARM.Collect$$$$00000004))
<BR><BR>[Calls]<UL><LI><a href="#[56]">&gt;&gt;</a>&nbsp;&nbsp;&nbsp;__scatterload
</UL>

<P><STRONG><a name="[71]"></a>__main_after_scatterload</STRONG> (Thumb, 0 bytes, Stack size unknown bytes, entry5.o(.ARM.Collect$$$$00000004))
<BR><BR>[Called By]<UL><LI><a href="#[56]">&gt;&gt;</a>&nbsp;&nbsp;&nbsp;__scatterload
</UL>

<P><STRONG><a name="[10b]"></a>_main_clock</STRONG> (Thumb, 0 bytes, Stack size unknown bytes, entry7b.o(.ARM.Collect$$$$00000008))

<P><STRONG><a name="[10c]"></a>_main_cpp_init</STRONG> (Thumb, 0 bytes, Stack size unknown bytes, entry8b.o(.ARM.Collect$$$$0000000A))

<P><STRONG><a name="[10d]"></a>_main_init</STRONG> (Thumb, 0 bytes, Stack size unknown bytes, entry9a.o(.ARM.Collect$$$$0000000B))

<P><STRONG><a name="[10e]"></a>__rt_final_cpp</STRONG> (Thumb, 0 bytes, Stack size unknown bytes, entry10a.o(.ARM.Collect$$$$0000000D))

<P><STRONG><a name="[10f]"></a>__rt_final_exit</STRONG> (Thumb, 0 bytes, Stack size unknown bytes, entry11a.o(.ARM.Collect$$$$0000000F))

<P><STRONG><a name="[0]"></a>Reset_Handler</STRONG> (Thumb, 8 bytes, Stack size 0 bytes, startup_mm32f3277g.o(.text))
<BR>[Address Reference Count : 1]<UL><LI> startup_mm32f3277g.o(RESET)
</UL>
<P><STRONG><a name="[1]"></a>NMI_Handler</STRONG> (Thumb, 2 bytes, Stack size 0 bytes, startup_mm32f3277g.o(.text))
<BR><BR>[Calls]<UL><LI><a href="#[1]">&gt;&gt;</a>&nbsp;&nbsp;&nbsp;NMI_Handler
</UL>
<BR>[Called By]<UL><LI><a href="#[1]">&gt;&gt;</a>&nbsp;&nbsp;&nbsp;NMI_Handler
</UL>
<BR>[Address Reference Count : 1]<UL><LI> startup_mm32f3277g.o(RESET)
</UL>
<P><STRONG><a name="[2]"></a>HardFault_Handler</STRONG> (Thumb, 2 bytes, Stack size 0 bytes, startup_mm32f3277g.o(.text))
<BR><BR>[Calls]<UL><LI><a href="#[2]">&gt;&gt;</a>&nbsp;&nbsp;&nbsp;HardFault_Handler
</UL>
<BR>[Called By]<UL><LI><a href="#[2]">&gt;&gt;</a>&nbsp;&nbsp;&nbsp;HardFault_Handler
</UL>
<BR>[Address Reference Count : 1]<UL><LI> startup_mm32f3277g.o(RESET)
</UL>
<P><STRONG><a name="[3]"></a>MemManage_Handler</STRONG> (Thumb, 2 bytes, Stack size 0 bytes, startup_mm32f3277g.o(.text))
<BR><BR>[Calls]<UL><LI><a href="#[3]">&gt;&gt;</a>&nbsp;&nbsp;&nbsp;MemManage_Handler
</UL>
<BR>[Called By]<UL><LI><a href="#[3]">&gt;&gt;</a>&nbsp;&nbsp;&nbsp;MemManage_Handler
</UL>
<BR>[Address Reference Count : 1]<UL><LI> startup_mm32f3277g.o(RESET)
</UL>
<P><STRONG><a name="[4]"></a>BusFault_Handler</STRONG> (Thumb, 2 bytes, Stack size 0 bytes, startup_mm32f3277g.o(.text))
<BR><BR>[Calls]<UL><LI><a href="#[4]">&gt;&gt;</a>&nbsp;&nbsp;&nbsp;BusFault_Handler
</UL>
<BR>[Called By]<UL><LI><a href="#[4]">&gt;&gt;</a>&nbsp;&nbsp;&nbsp;BusFault_Handler
</UL>
<BR>[Address Reference Count : 1]<UL><LI> startup_mm32f3277g.o(RESET)
</UL>
<P><STRONG><a name="[5]"></a>UsageFault_Handler</STRONG> (Thumb, 2 bytes, Stack size 0 bytes, startup_mm32f3277g.o(.text))
<BR><BR>[Calls]<UL><LI><a href="#[5]">&gt;&gt;</a>&nbsp;&nbsp;&nbsp;UsageFault_Handler
</UL>
<BR>[Called By]<UL><LI><a href="#[5]">&gt;&gt;</a>&nbsp;&nbsp;&nbsp;UsageFault_Handler
</UL>
<BR>[Address Reference Count : 1]<UL><LI> startup_mm32f3277g.o(RESET)
</UL>
<P><STRONG><a name="[6]"></a>SVC_Handler</STRONG> (Thumb, 2 bytes, Stack size 0 bytes, startup_mm32f3277g.o(.text))
<BR><BR>[Calls]<UL><LI><a href="#[6]">&gt;&gt;</a>&nbsp;&nbsp;&nbsp;SVC_Handler
</UL>
<BR>[Called By]<UL><LI><a href="#[6]">&gt;&gt;</a>&nbsp;&nbsp;&nbsp;SVC_Handler
</UL>
<BR>[Address Reference Count : 1]<UL><LI> startup_mm32f3277g.o(RESET)
</UL>
<P><STRONG><a name="[7]"></a>DebugMon_Handler</STRONG> (Thumb, 2 bytes, Stack size 0 bytes, startup_mm32f3277g.o(.text))
<BR><BR>[Calls]<UL><LI><a href="#[7]">&gt;&gt;</a>&nbsp;&nbsp;&nbsp;DebugMon_Handler
</UL>
<BR>[Called By]<UL><LI><a href="#[7]">&gt;&gt;</a>&nbsp;&nbsp;&nbsp;DebugMon_Handler
</UL>
<BR>[Address Reference Count : 1]<UL><LI> startup_mm32f3277g.o(RESET)
</UL>
<P><STRONG><a name="[8]"></a>PendSV_Handler</STRONG> (Thumb, 2 bytes, Stack size 0 bytes, startup_mm32f3277g.o(.text))
<BR><BR>[Calls]<UL><LI><a href="#[8]">&gt;&gt;</a>&nbsp;&nbsp;&nbsp;PendSV_Handler
</UL>
<BR>[Called By]<UL><LI><a href="#[8]">&gt;&gt;</a>&nbsp;&nbsp;&nbsp;PendSV_Handler
</UL>
<BR>[Address Reference Count : 1]<UL><LI> startup_mm32f3277g.o(RESET)
</UL>
<P><STRONG><a name="[9]"></a>SysTick_Handler</STRONG> (Thumb, 2 bytes, Stack size 0 bytes, startup_mm32f3277g.o(.text))
<BR><BR>[Calls]<UL><LI><a href="#[9]">&gt;&gt;</a>&nbsp;&nbsp;&nbsp;SysTick_Handler
</UL>
<BR>[Called By]<UL><LI><a href="#[9]">&gt;&gt;</a>&nbsp;&nbsp;&nbsp;SysTick_Handler
</UL>
<BR>[Address Reference Count : 1]<UL><LI> startup_mm32f3277g.o(RESET)
</UL>
<P><STRONG><a name="[1c]"></a>ADC1_2_IRQHandler</STRONG> (Thumb, 0 bytes, Stack size 0 bytes, startup_mm32f3277g.o(.text))
<BR><BR>[Calls]<UL><LI><a href="#[1c]">&gt;&gt;</a>&nbsp;&nbsp;&nbsp;ADC1_2_IRQHandler
</UL>
<BR>[Called By]<UL><LI><a href="#[1c]">&gt;&gt;</a>&nbsp;&nbsp;&nbsp;ADC1_2_IRQHandler
</UL>
<BR>[Address Reference Count : 1]<UL><LI> startup_mm32f3277g.o(RESET)
</UL>
<P><STRONG><a name="[35]"></a>ADC3_IRQHandler</STRONG> (Thumb, 0 bytes, Stack size 0 bytes, startup_mm32f3277g.o(.text))
<BR>[Address Reference Count : 1]<UL><LI> startup_mm32f3277g.o(RESET)
</UL>
<P><STRONG><a name="[1e]"></a>CAN1_RX_IRQHandler</STRONG> (Thumb, 0 bytes, Stack size 0 bytes, startup_mm32f3277g.o(.text))
<BR>[Address Reference Count : 1]<UL><LI> startup_mm32f3277g.o(RESET)
</UL>
<P><STRONG><a name="[43]"></a>COMP1_2_IRQHandler</STRONG> (Thumb, 0 bytes, Stack size 0 bytes, startup_mm32f3277g.o(.text))
<BR>[Address Reference Count : 1]<UL><LI> startup_mm32f3277g.o(RESET)
</UL>
<P><STRONG><a name="[42]"></a>ETH_IRQHandler</STRONG> (Thumb, 0 bytes, Stack size 0 bytes, startup_mm32f3277g.o(.text))
<BR>[Address Reference Count : 1]<UL><LI> startup_mm32f3277g.o(RESET)
</UL>
<P><STRONG><a name="[e]"></a>FLASH_IRQHandler</STRONG> (Thumb, 0 bytes, Stack size 0 bytes, startup_mm32f3277g.o(.text))
<BR>[Address Reference Count : 1]<UL><LI> startup_mm32f3277g.o(RESET)
</UL>
<P><STRONG><a name="[1d]"></a>FlashCache_IRQHandler</STRONG> (Thumb, 0 bytes, Stack size 0 bytes, startup_mm32f3277g.o(.text))
<BR>[Address Reference Count : 1]<UL><LI> startup_mm32f3277g.o(RESET)
</UL>
<P><STRONG><a name="[27]"></a>I2C1_IRQHandler</STRONG> (Thumb, 0 bytes, Stack size 0 bytes, startup_mm32f3277g.o(.text))
<BR>[Address Reference Count : 1]<UL><LI> startup_mm32f3277g.o(RESET)
</UL>
<P><STRONG><a name="[28]"></a>I2C2_IRQHandler</STRONG> (Thumb, 0 bytes, Stack size 0 bytes, startup_mm32f3277g.o(.text))
<BR>[Address Reference Count : 1]<UL><LI> startup_mm32f3277g.o(RESET)
</UL>
<P><STRONG><a name="[44]"></a>OTG_FS_IRQHandler</STRONG> (Thumb, 0 bytes, Stack size 0 bytes, startup_mm32f3277g.o(.text))
<BR>[Address Reference Count : 1]<UL><LI> startup_mm32f3277g.o(RESET)
</UL>
<P><STRONG><a name="[30]"></a>OTG_FS_WKUP_IRQHandler</STRONG> (Thumb, 0 bytes, Stack size 0 bytes, startup_mm32f3277g.o(.text))
<BR>[Address Reference Count : 1]<UL><LI> startup_mm32f3277g.o(RESET)
</UL>
<P><STRONG><a name="[b]"></a>PVD_IRQHandler</STRONG> (Thumb, 0 bytes, Stack size 0 bytes, startup_mm32f3277g.o(.text))
<BR>[Address Reference Count : 1]<UL><LI> startup_mm32f3277g.o(RESET)
</UL>
<P><STRONG><a name="[f]"></a>RCC_CRS_IRQHandler</STRONG> (Thumb, 0 bytes, Stack size 0 bytes, startup_mm32f3277g.o(.text))
<BR>[Address Reference Count : 1]<UL><LI> startup_mm32f3277g.o(RESET)
</UL>
<P><STRONG><a name="[2f]"></a>RTCAlarm_IRQHandler</STRONG> (Thumb, 0 bytes, Stack size 0 bytes, startup_mm32f3277g.o(.text))
<BR>[Address Reference Count : 1]<UL><LI> startup_mm32f3277g.o(RESET)
</UL>
<P><STRONG><a name="[d]"></a>RTC_IRQHandler</STRONG> (Thumb, 0 bytes, Stack size 0 bytes, startup_mm32f3277g.o(.text))
<BR>[Address Reference Count : 1]<UL><LI> startup_mm32f3277g.o(RESET)
</UL>
<P><STRONG><a name="[36]"></a>SDIO_IRQHandler</STRONG> (Thumb, 0 bytes, Stack size 0 bytes, startup_mm32f3277g.o(.text))
<BR>[Address Reference Count : 1]<UL><LI> startup_mm32f3277g.o(RESET)
</UL>
<P><STRONG><a name="[29]"></a>SPI1_IRQHandler</STRONG> (Thumb, 0 bytes, Stack size 0 bytes, startup_mm32f3277g.o(.text))
<BR>[Address Reference Count : 1]<UL><LI> startup_mm32f3277g.o(RESET)
</UL>
<P><STRONG><a name="[2a]"></a>SPI2_IRQHandler</STRONG> (Thumb, 0 bytes, Stack size 0 bytes, startup_mm32f3277g.o(.text))
<BR>[Address Reference Count : 1]<UL><LI> startup_mm32f3277g.o(RESET)
</UL>
<P><STRONG><a name="[38]"></a>SPI3_IRQHandler</STRONG> (Thumb, 0 bytes, Stack size 0 bytes, startup_mm32f3277g.o(.text))
<BR>[Address Reference Count : 1]<UL><LI> startup_mm32f3277g.o(RESET)
</UL>
<P><STRONG><a name="[c]"></a>TAMPER_IRQHandler</STRONG> (Thumb, 0 bytes, Stack size 0 bytes, startup_mm32f3277g.o(.text))
<BR>[Address Reference Count : 1]<UL><LI> startup_mm32f3277g.o(RESET)
</UL>
<P><STRONG><a name="[20]"></a>TIM1_BRK_IRQHandler</STRONG> (Thumb, 0 bytes, Stack size 0 bytes, startup_mm32f3277g.o(.text))
<BR>[Address Reference Count : 1]<UL><LI> startup_mm32f3277g.o(RESET)
</UL>
<P><STRONG><a name="[23]"></a>TIM1_CC_IRQHandler</STRONG> (Thumb, 0 bytes, Stack size 0 bytes, startup_mm32f3277g.o(.text))
<BR>[Address Reference Count : 1]<UL><LI> startup_mm32f3277g.o(RESET)
</UL>
<P><STRONG><a name="[22]"></a>TIM1_TRG_COM_IRQHandler</STRONG> (Thumb, 0 bytes, Stack size 0 bytes, startup_mm32f3277g.o(.text))
<BR>[Address Reference Count : 1]<UL><LI> startup_mm32f3277g.o(RESET)
</UL>
<P><STRONG><a name="[31]"></a>TIM8_BRK_IRQHandler</STRONG> (Thumb, 0 bytes, Stack size 0 bytes, startup_mm32f3277g.o(.text))
<BR>[Address Reference Count : 1]<UL><LI> startup_mm32f3277g.o(RESET)
</UL>
<P><STRONG><a name="[34]"></a>TIM8_CC_IRQHandler</STRONG> (Thumb, 0 bytes, Stack size 0 bytes, startup_mm32f3277g.o(.text))
<BR>[Address Reference Count : 1]<UL><LI> startup_mm32f3277g.o(RESET)
</UL>
<P><STRONG><a name="[33]"></a>TIM8_TRG_COM_IRQHandler</STRONG> (Thumb, 0 bytes, Stack size 0 bytes, startup_mm32f3277g.o(.text))
<BR>[Address Reference Count : 1]<UL><LI> startup_mm32f3277g.o(RESET)
</UL>
<P><STRONG><a name="[a]"></a>WWDG_IRQHandler</STRONG> (Thumb, 0 bytes, Stack size 0 bytes, startup_mm32f3277g.o(.text))
<BR>[Address Reference Count : 1]<UL><LI> startup_mm32f3277g.o(RESET)
</UL>
<P><STRONG><a name="[a1]"></a>abs</STRONG> (Thumb, 8 bytes, Stack size 0 bytes, siabs.o(.text))
<BR><BR>[Called By]<UL><LI><a href="#[7f]">&gt;&gt;</a>&nbsp;&nbsp;&nbsp;calculate_threshold
</UL>

<P><STRONG><a name="[7e]"></a>__aeabi_memcpy</STRONG> (Thumb, 36 bytes, Stack size 0 bytes, memcpya.o(.text))
<BR><BR>[Called By]<UL><LI><a href="#[ce]">&gt;&gt;</a>&nbsp;&nbsp;&nbsp;fifo_read_buffer
<LI><a href="#[d1]">&gt;&gt;</a>&nbsp;&nbsp;&nbsp;fifo_write_buffer
<LI><a href="#[7d]">&gt;&gt;</a>&nbsp;&nbsp;&nbsp;Img_handle
</UL>

<P><STRONG><a name="[b8]"></a>__aeabi_memcpy4</STRONG> (Thumb, 0 bytes, Stack size 0 bytes, memcpya.o(.text))
<BR><BR>[Called By]<UL><LI><a href="#[d1]">&gt;&gt;</a>&nbsp;&nbsp;&nbsp;fifo_write_buffer
<LI><a href="#[af]">&gt;&gt;</a>&nbsp;&nbsp;&nbsp;debug_protective_handler
</UL>

<P><STRONG><a name="[110]"></a>__aeabi_memcpy8</STRONG> (Thumb, 0 bytes, Stack size 0 bytes, memcpya.o(.text), UNUSED)

<P><STRONG><a name="[58]"></a>__aeabi_memset</STRONG> (Thumb, 14 bytes, Stack size 0 bytes, memseta.o(.text))
<BR><BR>[Called By]<UL><LI><a href="#[bc]">&gt;&gt;</a>&nbsp;&nbsp;&nbsp;ips200_show_int
<LI><a href="#[59]">&gt;&gt;</a>&nbsp;&nbsp;&nbsp;_memset$wrapper
<LI><a href="#[57]">&gt;&gt;</a>&nbsp;&nbsp;&nbsp;__aeabi_memclr
</UL>

<P><STRONG><a name="[111]"></a>__aeabi_memset4</STRONG> (Thumb, 0 bytes, Stack size 0 bytes, memseta.o(.text), UNUSED)

<P><STRONG><a name="[112]"></a>__aeabi_memset8</STRONG> (Thumb, 0 bytes, Stack size 0 bytes, memseta.o(.text), UNUSED)

<P><STRONG><a name="[57]"></a>__aeabi_memclr</STRONG> (Thumb, 4 bytes, Stack size 0 bytes, memseta.o(.text))
<BR><BR>[Calls]<UL><LI><a href="#[58]">&gt;&gt;</a>&nbsp;&nbsp;&nbsp;__aeabi_memset
</UL>
<BR>[Called By]<UL><LI><a href="#[cd]">&gt;&gt;</a>&nbsp;&nbsp;&nbsp;fifo_clear
<LI><a href="#[b0]">&gt;&gt;</a>&nbsp;&nbsp;&nbsp;debug_output
<LI><a href="#[78]">&gt;&gt;</a>&nbsp;&nbsp;&nbsp;Find_Boundry
</UL>

<P><STRONG><a name="[113]"></a>__aeabi_memclr4</STRONG> (Thumb, 0 bytes, Stack size 0 bytes, memseta.o(.text), UNUSED)

<P><STRONG><a name="[114]"></a>__aeabi_memclr8</STRONG> (Thumb, 0 bytes, Stack size 0 bytes, memseta.o(.text), UNUSED)

<P><STRONG><a name="[59]"></a>_memset$wrapper</STRONG> (Thumb, 18 bytes, Stack size 8 bytes, memseta.o(.text), UNUSED)
<BR><BR>[Calls]<UL><LI><a href="#[58]">&gt;&gt;</a>&nbsp;&nbsp;&nbsp;__aeabi_memset
</UL>

<P><STRONG><a name="[b6]"></a>strlen</STRONG> (Thumb, 14 bytes, Stack size 0 bytes, strlen.o(.text))
<BR><BR>[Called By]<UL><LI><a href="#[b0]">&gt;&gt;</a>&nbsp;&nbsp;&nbsp;debug_output
</UL>

<P><STRONG><a name="[d7]"></a>strncmp</STRONG> (Thumb, 30 bytes, Stack size 12 bytes, strncmp.o(.text))
<BR><BR>[Stack]<UL><LI>Max Depth = 12<LI>Call Chain = strncmp
</UL>
<BR>[Called By]<UL><LI><a href="#[94]">&gt;&gt;</a>&nbsp;&nbsp;&nbsp;gps_uart_callback
</UL>

<P><STRONG><a name="[5a]"></a>__aeabi_fadd</STRONG> (Thumb, 164 bytes, Stack size 16 bytes, fadd.o(.text))
<BR><BR>[Stack]<UL><LI>Max Depth = 20<LI>Call Chain = __aeabi_fadd &rArr; _float_epilogue
</UL>
<BR>[Calls]<UL><LI><a href="#[5c]">&gt;&gt;</a>&nbsp;&nbsp;&nbsp;_float_round
<LI><a href="#[5b]">&gt;&gt;</a>&nbsp;&nbsp;&nbsp;_float_epilogue
</UL>
<BR>[Called By]<UL><LI><a href="#[86]">&gt;&gt;</a>&nbsp;&nbsp;&nbsp;Incremental_PI_R
<LI><a href="#[83]">&gt;&gt;</a>&nbsp;&nbsp;&nbsp;Incremental_PI_L
<LI><a href="#[5d]">&gt;&gt;</a>&nbsp;&nbsp;&nbsp;__aeabi_fsub
<LI><a href="#[87]">&gt;&gt;</a>&nbsp;&nbsp;&nbsp;Motor_Control
<LI><a href="#[5e]">&gt;&gt;</a>&nbsp;&nbsp;&nbsp;__aeabi_frsub
</UL>

<P><STRONG><a name="[5d]"></a>__aeabi_fsub</STRONG> (Thumb, 6 bytes, Stack size 0 bytes, fadd.o(.text))
<BR><BR>[Stack]<UL><LI>Max Depth = 20<LI>Call Chain = __aeabi_fsub &rArr; __aeabi_fadd &rArr; _float_epilogue
</UL>
<BR>[Calls]<UL><LI><a href="#[5a]">&gt;&gt;</a>&nbsp;&nbsp;&nbsp;__aeabi_fadd
</UL>
<BR>[Called By]<UL><LI><a href="#[7f]">&gt;&gt;</a>&nbsp;&nbsp;&nbsp;calculate_threshold
<LI><a href="#[87]">&gt;&gt;</a>&nbsp;&nbsp;&nbsp;Motor_Control
</UL>

<P><STRONG><a name="[5e]"></a>__aeabi_frsub</STRONG> (Thumb, 6 bytes, Stack size 0 bytes, fadd.o(.text), UNUSED)
<BR><BR>[Calls]<UL><LI><a href="#[5a]">&gt;&gt;</a>&nbsp;&nbsp;&nbsp;__aeabi_fadd
</UL>

<P><STRONG><a name="[84]"></a>__aeabi_fmul</STRONG> (Thumb, 100 bytes, Stack size 8 bytes, fmul.o(.text))
<BR><BR>[Stack]<UL><LI>Max Depth = 8<LI>Call Chain = __aeabi_fmul
</UL>
<BR>[Called By]<UL><LI><a href="#[86]">&gt;&gt;</a>&nbsp;&nbsp;&nbsp;Incremental_PI_R
<LI><a href="#[8e]">&gt;&gt;</a>&nbsp;&nbsp;&nbsp;pwm_set_duty
<LI><a href="#[83]">&gt;&gt;</a>&nbsp;&nbsp;&nbsp;Incremental_PI_L
<LI><a href="#[c8]">&gt;&gt;</a>&nbsp;&nbsp;&nbsp;pwm_init
<LI><a href="#[7f]">&gt;&gt;</a>&nbsp;&nbsp;&nbsp;calculate_threshold
<LI><a href="#[87]">&gt;&gt;</a>&nbsp;&nbsp;&nbsp;Motor_Control
</UL>

<P><STRONG><a name="[5f]"></a>__aeabi_fdiv</STRONG> (Thumb, 124 bytes, Stack size 8 bytes, fdiv.o(.text))
<BR><BR>[Stack]<UL><LI>Max Depth = 8<LI>Call Chain = __aeabi_fdiv
</UL>
<BR>[Calls]<UL><LI><a href="#[5c]">&gt;&gt;</a>&nbsp;&nbsp;&nbsp;_float_round
</UL>
<BR>[Called By]<UL><LI><a href="#[8e]">&gt;&gt;</a>&nbsp;&nbsp;&nbsp;pwm_set_duty
<LI><a href="#[c8]">&gt;&gt;</a>&nbsp;&nbsp;&nbsp;pwm_init
<LI><a href="#[7f]">&gt;&gt;</a>&nbsp;&nbsp;&nbsp;calculate_threshold
</UL>

<P><STRONG><a name="[60]"></a>__aeabi_dadd</STRONG> (Thumb, 322 bytes, Stack size 48 bytes, dadd.o(.text))
<BR><BR>[Stack]<UL><LI>Max Depth = 88<LI>Call Chain = __aeabi_dadd &rArr; _double_epilogue &rArr; _double_round
</UL>
<BR>[Calls]<UL><LI><a href="#[62]">&gt;&gt;</a>&nbsp;&nbsp;&nbsp;__aeabi_lasr
<LI><a href="#[61]">&gt;&gt;</a>&nbsp;&nbsp;&nbsp;__aeabi_llsl
<LI><a href="#[64]">&gt;&gt;</a>&nbsp;&nbsp;&nbsp;_double_round
<LI><a href="#[63]">&gt;&gt;</a>&nbsp;&nbsp;&nbsp;_double_epilogue
</UL>
<BR>[Called By]<UL><LI><a href="#[65]">&gt;&gt;</a>&nbsp;&nbsp;&nbsp;__aeabi_dsub
<LI><a href="#[90]">&gt;&gt;</a>&nbsp;&nbsp;&nbsp;ds_encoderCount
<LI><a href="#[66]">&gt;&gt;</a>&nbsp;&nbsp;&nbsp;__aeabi_drsub
<LI><a href="#[105]">&gt;&gt;</a>&nbsp;&nbsp;&nbsp;_fp_digits
</UL>

<P><STRONG><a name="[65]"></a>__aeabi_dsub</STRONG> (Thumb, 6 bytes, Stack size 0 bytes, dadd.o(.text), UNUSED)
<BR><BR>[Calls]<UL><LI><a href="#[60]">&gt;&gt;</a>&nbsp;&nbsp;&nbsp;__aeabi_dadd
</UL>

<P><STRONG><a name="[66]"></a>__aeabi_drsub</STRONG> (Thumb, 6 bytes, Stack size 0 bytes, dadd.o(.text), UNUSED)
<BR><BR>[Calls]<UL><LI><a href="#[60]">&gt;&gt;</a>&nbsp;&nbsp;&nbsp;__aeabi_dadd
</UL>

<P><STRONG><a name="[67]"></a>__aeabi_dmul</STRONG> (Thumb, 228 bytes, Stack size 48 bytes, dmul.o(.text))
<BR><BR>[Stack]<UL><LI>Max Depth = 88<LI>Call Chain = __aeabi_dmul &rArr; _double_epilogue &rArr; _double_round
</UL>
<BR>[Calls]<UL><LI><a href="#[63]">&gt;&gt;</a>&nbsp;&nbsp;&nbsp;_double_epilogue
</UL>
<BR>[Called By]<UL><LI><a href="#[77]">&gt;&gt;</a>&nbsp;&nbsp;&nbsp;Motor_PID_subsection
<LI><a href="#[73]">&gt;&gt;</a>&nbsp;&nbsp;&nbsp;dm1xa_sound_callback
<LI><a href="#[87]">&gt;&gt;</a>&nbsp;&nbsp;&nbsp;Motor_Control
<LI><a href="#[90]">&gt;&gt;</a>&nbsp;&nbsp;&nbsp;ds_encoderCount
<LI><a href="#[105]">&gt;&gt;</a>&nbsp;&nbsp;&nbsp;_fp_digits
</UL>

<P><STRONG><a name="[68]"></a>__aeabi_ddiv</STRONG> (Thumb, 222 bytes, Stack size 32 bytes, ddiv.o(.text), UNUSED)
<BR><BR>[Calls]<UL><LI><a href="#[64]">&gt;&gt;</a>&nbsp;&nbsp;&nbsp;_double_round
</UL>
<BR>[Called By]<UL><LI><a href="#[105]">&gt;&gt;</a>&nbsp;&nbsp;&nbsp;_fp_digits
</UL>

<P><STRONG><a name="[88]"></a>__aeabi_fcmple</STRONG> (Thumb, 28 bytes, Stack size 0 bytes, fcmple.o(.text))
<BR><BR>[Called By]<UL><LI><a href="#[7f]">&gt;&gt;</a>&nbsp;&nbsp;&nbsp;calculate_threshold
<LI><a href="#[87]">&gt;&gt;</a>&nbsp;&nbsp;&nbsp;Motor_Control
</UL>

<P><STRONG><a name="[89]"></a>__aeabi_fcmpge</STRONG> (Thumb, 28 bytes, Stack size 0 bytes, fcmpge.o(.text))
<BR><BR>[Called By]<UL><LI><a href="#[87]">&gt;&gt;</a>&nbsp;&nbsp;&nbsp;Motor_Control
</UL>

<P><STRONG><a name="[a8]"></a>__aeabi_dcmplt</STRONG> (Thumb, 54 bytes, Stack size 12 bytes, dcmplt.o(.text))
<BR><BR>[Stack]<UL><LI>Max Depth = 12<LI>Call Chain = __aeabi_dcmplt
</UL>
<BR>[Called By]<UL><LI><a href="#[91]">&gt;&gt;</a>&nbsp;&nbsp;&nbsp;car_emergency_stop
</UL>

<P><STRONG><a name="[69]"></a>__aeabi_i2f</STRONG> (Thumb, 18 bytes, Stack size 0 bytes, fflti.o(.text))
<BR><BR>[Stack]<UL><LI>Max Depth = 4<LI>Call Chain = __aeabi_i2f &rArr; _float_epilogue
</UL>
<BR>[Calls]<UL><LI><a href="#[5b]">&gt;&gt;</a>&nbsp;&nbsp;&nbsp;_float_epilogue
</UL>
<BR>[Called By]<UL><LI><a href="#[86]">&gt;&gt;</a>&nbsp;&nbsp;&nbsp;Incremental_PI_R
<LI><a href="#[8e]">&gt;&gt;</a>&nbsp;&nbsp;&nbsp;pwm_set_duty
<LI><a href="#[83]">&gt;&gt;</a>&nbsp;&nbsp;&nbsp;Incremental_PI_L
<LI><a href="#[c8]">&gt;&gt;</a>&nbsp;&nbsp;&nbsp;pwm_init
<LI><a href="#[7f]">&gt;&gt;</a>&nbsp;&nbsp;&nbsp;calculate_threshold
<LI><a href="#[87]">&gt;&gt;</a>&nbsp;&nbsp;&nbsp;Motor_Control
</UL>

<P><STRONG><a name="[6a]"></a>__aeabi_ui2f</STRONG> (Thumb, 10 bytes, Stack size 0 bytes, ffltui.o(.text))
<BR><BR>[Stack]<UL><LI>Max Depth = 4<LI>Call Chain = __aeabi_ui2f &rArr; _float_epilogue
</UL>
<BR>[Calls]<UL><LI><a href="#[5b]">&gt;&gt;</a>&nbsp;&nbsp;&nbsp;_float_epilogue
</UL>
<BR>[Called By]<UL><LI><a href="#[8e]">&gt;&gt;</a>&nbsp;&nbsp;&nbsp;pwm_set_duty
<LI><a href="#[c8]">&gt;&gt;</a>&nbsp;&nbsp;&nbsp;pwm_init
<LI><a href="#[7f]">&gt;&gt;</a>&nbsp;&nbsp;&nbsp;calculate_threshold
<LI><a href="#[73]">&gt;&gt;</a>&nbsp;&nbsp;&nbsp;dm1xa_sound_callback
</UL>

<P><STRONG><a name="[6b]"></a>__aeabi_i2d</STRONG> (Thumb, 34 bytes, Stack size 16 bytes, dflti.o(.text))
<BR><BR>[Stack]<UL><LI>Max Depth = 56<LI>Call Chain = __aeabi_i2d &rArr; _double_epilogue &rArr; _double_round
</UL>
<BR>[Calls]<UL><LI><a href="#[63]">&gt;&gt;</a>&nbsp;&nbsp;&nbsp;_double_epilogue
</UL>
<BR>[Called By]<UL><LI><a href="#[77]">&gt;&gt;</a>&nbsp;&nbsp;&nbsp;Motor_PID_subsection
<LI><a href="#[91]">&gt;&gt;</a>&nbsp;&nbsp;&nbsp;car_emergency_stop
<LI><a href="#[90]">&gt;&gt;</a>&nbsp;&nbsp;&nbsp;ds_encoderCount
</UL>

<P><STRONG><a name="[85]"></a>__aeabi_f2iz</STRONG> (Thumb, 50 bytes, Stack size 0 bytes, ffixi.o(.text))
<BR><BR>[Called By]<UL><LI><a href="#[86]">&gt;&gt;</a>&nbsp;&nbsp;&nbsp;Incremental_PI_R
<LI><a href="#[8e]">&gt;&gt;</a>&nbsp;&nbsp;&nbsp;pwm_set_duty
<LI><a href="#[83]">&gt;&gt;</a>&nbsp;&nbsp;&nbsp;Incremental_PI_L
<LI><a href="#[c8]">&gt;&gt;</a>&nbsp;&nbsp;&nbsp;pwm_init
<LI><a href="#[87]">&gt;&gt;</a>&nbsp;&nbsp;&nbsp;Motor_Control
</UL>

<P><STRONG><a name="[6c]"></a>__aeabi_d2iz</STRONG> (Thumb, 62 bytes, Stack size 16 bytes, dfixi.o(.text))
<BR><BR>[Stack]<UL><LI>Max Depth = 16<LI>Call Chain = __aeabi_d2iz
</UL>
<BR>[Calls]<UL><LI><a href="#[6d]">&gt;&gt;</a>&nbsp;&nbsp;&nbsp;__aeabi_llsr
</UL>
<BR>[Called By]<UL><LI><a href="#[73]">&gt;&gt;</a>&nbsp;&nbsp;&nbsp;dm1xa_sound_callback
</UL>

<P><STRONG><a name="[8a]"></a>__aeabi_f2d</STRONG> (Thumb, 38 bytes, Stack size 0 bytes, f2d.o(.text))
<BR><BR>[Called By]<UL><LI><a href="#[73]">&gt;&gt;</a>&nbsp;&nbsp;&nbsp;dm1xa_sound_callback
<LI><a href="#[87]">&gt;&gt;</a>&nbsp;&nbsp;&nbsp;Motor_Control
<LI><a href="#[90]">&gt;&gt;</a>&nbsp;&nbsp;&nbsp;ds_encoderCount
</UL>

<P><STRONG><a name="[6e]"></a>__aeabi_d2f</STRONG> (Thumb, 56 bytes, Stack size 8 bytes, d2f.o(.text))
<BR><BR>[Stack]<UL><LI>Max Depth = 8<LI>Call Chain = __aeabi_d2f
</UL>
<BR>[Calls]<UL><LI><a href="#[5c]">&gt;&gt;</a>&nbsp;&nbsp;&nbsp;_float_round
</UL>
<BR>[Called By]<UL><LI><a href="#[77]">&gt;&gt;</a>&nbsp;&nbsp;&nbsp;Motor_PID_subsection
<LI><a href="#[87]">&gt;&gt;</a>&nbsp;&nbsp;&nbsp;Motor_Control
<LI><a href="#[90]">&gt;&gt;</a>&nbsp;&nbsp;&nbsp;ds_encoderCount
</UL>

<P><STRONG><a name="[115]"></a>__aeabi_uidiv</STRONG> (Thumb, 0 bytes, Stack size 12 bytes, uidiv.o(.text), UNUSED)

<P><STRONG><a name="[109]"></a>__aeabi_uidivmod</STRONG> (Thumb, 44 bytes, Stack size 12 bytes, uidiv.o(.text), UNUSED)
<BR><BR>[Called By]<UL><LI><a href="#[103]">&gt;&gt;</a>&nbsp;&nbsp;&nbsp;_printf_core
</UL>

<P><STRONG><a name="[6f]"></a>__aeabi_uldivmod</STRONG> (Thumb, 98 bytes, Stack size 40 bytes, uldiv.o(.text), UNUSED)
<BR><BR>[Calls]<UL><LI><a href="#[6d]">&gt;&gt;</a>&nbsp;&nbsp;&nbsp;__aeabi_llsr
<LI><a href="#[61]">&gt;&gt;</a>&nbsp;&nbsp;&nbsp;__aeabi_llsl
</UL>
<BR>[Called By]<UL><LI><a href="#[103]">&gt;&gt;</a>&nbsp;&nbsp;&nbsp;_printf_core
<LI><a href="#[105]">&gt;&gt;</a>&nbsp;&nbsp;&nbsp;_fp_digits
</UL>

<P><STRONG><a name="[61]"></a>__aeabi_llsl</STRONG> (Thumb, 30 bytes, Stack size 0 bytes, llshl.o(.text))
<BR><BR>[Called By]<UL><LI><a href="#[60]">&gt;&gt;</a>&nbsp;&nbsp;&nbsp;__aeabi_dadd
<LI><a href="#[6f]">&gt;&gt;</a>&nbsp;&nbsp;&nbsp;__aeabi_uldivmod
<LI><a href="#[63]">&gt;&gt;</a>&nbsp;&nbsp;&nbsp;_double_epilogue
<LI><a href="#[70]">&gt;&gt;</a>&nbsp;&nbsp;&nbsp;__aeabi_d2ulz
</UL>

<P><STRONG><a name="[116]"></a>_ll_shift_l</STRONG> (Thumb, 0 bytes, Stack size 0 bytes, llshl.o(.text), UNUSED)

<P><STRONG><a name="[6d]"></a>__aeabi_llsr</STRONG> (Thumb, 32 bytes, Stack size 0 bytes, llushr.o(.text))
<BR><BR>[Called By]<UL><LI><a href="#[6c]">&gt;&gt;</a>&nbsp;&nbsp;&nbsp;__aeabi_d2iz
<LI><a href="#[6f]">&gt;&gt;</a>&nbsp;&nbsp;&nbsp;__aeabi_uldivmod
<LI><a href="#[63]">&gt;&gt;</a>&nbsp;&nbsp;&nbsp;_double_epilogue
<LI><a href="#[70]">&gt;&gt;</a>&nbsp;&nbsp;&nbsp;__aeabi_d2ulz
</UL>

<P><STRONG><a name="[117]"></a>_ll_ushift_r</STRONG> (Thumb, 0 bytes, Stack size 0 bytes, llushr.o(.text), UNUSED)

<P><STRONG><a name="[62]"></a>__aeabi_lasr</STRONG> (Thumb, 36 bytes, Stack size 0 bytes, llsshr.o(.text))
<BR><BR>[Called By]<UL><LI><a href="#[60]">&gt;&gt;</a>&nbsp;&nbsp;&nbsp;__aeabi_dadd
</UL>

<P><STRONG><a name="[118]"></a>_ll_sshift_r</STRONG> (Thumb, 0 bytes, Stack size 0 bytes, llsshr.o(.text), UNUSED)

<P><STRONG><a name="[119]"></a>__I$use$fp</STRONG> (Thumb, 0 bytes, Stack size 0 bytes, iusefp.o(.text), UNUSED)

<P><STRONG><a name="[5c]"></a>_float_round</STRONG> (Thumb, 18 bytes, Stack size 0 bytes, fepilogue.o(.text))
<BR><BR>[Called By]<UL><LI><a href="#[5a]">&gt;&gt;</a>&nbsp;&nbsp;&nbsp;__aeabi_fadd
<LI><a href="#[5f]">&gt;&gt;</a>&nbsp;&nbsp;&nbsp;__aeabi_fdiv
<LI><a href="#[6e]">&gt;&gt;</a>&nbsp;&nbsp;&nbsp;__aeabi_d2f
</UL>

<P><STRONG><a name="[5b]"></a>_float_epilogue</STRONG> (Thumb, 92 bytes, Stack size 4 bytes, fepilogue.o(.text))
<BR><BR>[Stack]<UL><LI>Max Depth = 4<LI>Call Chain = _float_epilogue
</UL>
<BR>[Called By]<UL><LI><a href="#[5a]">&gt;&gt;</a>&nbsp;&nbsp;&nbsp;__aeabi_fadd
<LI><a href="#[69]">&gt;&gt;</a>&nbsp;&nbsp;&nbsp;__aeabi_i2f
<LI><a href="#[6a]">&gt;&gt;</a>&nbsp;&nbsp;&nbsp;__aeabi_ui2f
</UL>

<P><STRONG><a name="[64]"></a>_double_round</STRONG> (Thumb, 30 bytes, Stack size 8 bytes, depilogue.o(.text))
<BR><BR>[Stack]<UL><LI>Max Depth = 8<LI>Call Chain = _double_round
</UL>
<BR>[Called By]<UL><LI><a href="#[68]">&gt;&gt;</a>&nbsp;&nbsp;&nbsp;__aeabi_ddiv
<LI><a href="#[60]">&gt;&gt;</a>&nbsp;&nbsp;&nbsp;__aeabi_dadd
<LI><a href="#[63]">&gt;&gt;</a>&nbsp;&nbsp;&nbsp;_double_epilogue
</UL>

<P><STRONG><a name="[63]"></a>_double_epilogue</STRONG> (Thumb, 156 bytes, Stack size 32 bytes, depilogue.o(.text))
<BR><BR>[Stack]<UL><LI>Max Depth = 40<LI>Call Chain = _double_epilogue &rArr; _double_round
</UL>
<BR>[Calls]<UL><LI><a href="#[6d]">&gt;&gt;</a>&nbsp;&nbsp;&nbsp;__aeabi_llsr
<LI><a href="#[61]">&gt;&gt;</a>&nbsp;&nbsp;&nbsp;__aeabi_llsl
<LI><a href="#[64]">&gt;&gt;</a>&nbsp;&nbsp;&nbsp;_double_round
</UL>
<BR>[Called By]<UL><LI><a href="#[60]">&gt;&gt;</a>&nbsp;&nbsp;&nbsp;__aeabi_dadd
<LI><a href="#[67]">&gt;&gt;</a>&nbsp;&nbsp;&nbsp;__aeabi_dmul
<LI><a href="#[6b]">&gt;&gt;</a>&nbsp;&nbsp;&nbsp;__aeabi_i2d
</UL>

<P><STRONG><a name="[70]"></a>__aeabi_d2ulz</STRONG> (Thumb, 48 bytes, Stack size 0 bytes, dfixul.o(.text), UNUSED)
<BR><BR>[Calls]<UL><LI><a href="#[6d]">&gt;&gt;</a>&nbsp;&nbsp;&nbsp;__aeabi_llsr
<LI><a href="#[61]">&gt;&gt;</a>&nbsp;&nbsp;&nbsp;__aeabi_llsl
</UL>
<BR>[Called By]<UL><LI><a href="#[105]">&gt;&gt;</a>&nbsp;&nbsp;&nbsp;_fp_digits
</UL>

<P><STRONG><a name="[106]"></a>__aeabi_cdrcmple</STRONG> (Thumb, 48 bytes, Stack size 0 bytes, cdrcmple.o(.text), UNUSED)
<BR><BR>[Called By]<UL><LI><a href="#[105]">&gt;&gt;</a>&nbsp;&nbsp;&nbsp;_fp_digits
</UL>

<P><STRONG><a name="[56]"></a>__scatterload</STRONG> (Thumb, 28 bytes, Stack size 0 bytes, init.o(.text))
<BR><BR>[Calls]<UL><LI><a href="#[71]">&gt;&gt;</a>&nbsp;&nbsp;&nbsp;__main_after_scatterload
</UL>
<BR>[Called By]<UL><LI><a href="#[55]">&gt;&gt;</a>&nbsp;&nbsp;&nbsp;_main_scatterload
</UL>

<P><STRONG><a name="[11a]"></a>__scatterload_rt2</STRONG> (Thumb, 0 bytes, Stack size 0 bytes, init.o(.text), UNUSED)

<P><STRONG><a name="[81]"></a>Bin_Image_Filter</STRONG> (Thumb, 204 bytes, Stack size 32 bytes, img_handle.o(.text.Bin_Image_Filter))
<BR><BR>[Stack]<UL><LI>Max Depth = 32<LI>Call Chain = Bin_Image_Filter
</UL>
<BR>[Called By]<UL><LI><a href="#[7d]">&gt;&gt;</a>&nbsp;&nbsp;&nbsp;Img_handle
</UL>

<P><STRONG><a name="[15]"></a>DMA1_Channel1_IRQHandler</STRONG> (Thumb, 32 bytes, Stack size 0 bytes, isr.o(.text.DMA1_Channel1_IRQHandler))
<BR>[Address Reference Count : 1]<UL><LI> startup_mm32f3277g.o(RESET)
</UL>
<P><STRONG><a name="[16]"></a>DMA1_Channel2_IRQHandler</STRONG> (Thumb, 34 bytes, Stack size 0 bytes, isr.o(.text.DMA1_Channel2_IRQHandler))
<BR>[Address Reference Count : 1]<UL><LI> startup_mm32f3277g.o(RESET)
</UL>
<P><STRONG><a name="[17]"></a>DMA1_Channel3_IRQHandler</STRONG> (Thumb, 34 bytes, Stack size 0 bytes, isr.o(.text.DMA1_Channel3_IRQHandler))
<BR>[Address Reference Count : 1]<UL><LI> startup_mm32f3277g.o(RESET)
</UL>
<P><STRONG><a name="[18]"></a>DMA1_Channel4_IRQHandler</STRONG> (Thumb, 48 bytes, Stack size 8 bytes, isr.o(.text.DMA1_Channel4_IRQHandler))
<BR><BR>[Stack]<UL><LI>Max Depth = 8<LI>Call Chain = DMA1_Channel4_IRQHandler
</UL>
<BR>[Address Reference Count : 1]<UL><LI> startup_mm32f3277g.o(RESET)
</UL>
<P><STRONG><a name="[19]"></a>DMA1_Channel5_IRQHandler</STRONG> (Thumb, 34 bytes, Stack size 0 bytes, isr.o(.text.DMA1_Channel5_IRQHandler))
<BR>[Address Reference Count : 1]<UL><LI> startup_mm32f3277g.o(RESET)
</UL>
<P><STRONG><a name="[1a]"></a>DMA1_Channel6_IRQHandler</STRONG> (Thumb, 34 bytes, Stack size 0 bytes, isr.o(.text.DMA1_Channel6_IRQHandler))
<BR>[Address Reference Count : 1]<UL><LI> startup_mm32f3277g.o(RESET)
</UL>
<P><STRONG><a name="[1b]"></a>DMA1_Channel7_IRQHandler</STRONG> (Thumb, 34 bytes, Stack size 0 bytes, isr.o(.text.DMA1_Channel7_IRQHandler))
<BR>[Address Reference Count : 1]<UL><LI> startup_mm32f3277g.o(RESET)
</UL>
<P><STRONG><a name="[3d]"></a>DMA2_Channel1_IRQHandler</STRONG> (Thumb, 36 bytes, Stack size 0 bytes, isr.o(.text.DMA2_Channel1_IRQHandler))
<BR>[Address Reference Count : 1]<UL><LI> startup_mm32f3277g.o(RESET)
</UL>
<P><STRONG><a name="[3e]"></a>DMA2_Channel2_IRQHandler</STRONG> (Thumb, 38 bytes, Stack size 0 bytes, isr.o(.text.DMA2_Channel2_IRQHandler))
<BR>[Address Reference Count : 1]<UL><LI> startup_mm32f3277g.o(RESET)
</UL>
<P><STRONG><a name="[3f]"></a>DMA2_Channel3_IRQHandler</STRONG> (Thumb, 38 bytes, Stack size 0 bytes, isr.o(.text.DMA2_Channel3_IRQHandler))
<BR>[Address Reference Count : 1]<UL><LI> startup_mm32f3277g.o(RESET)
</UL>
<P><STRONG><a name="[40]"></a>DMA2_Channel4_IRQHandler</STRONG> (Thumb, 38 bytes, Stack size 0 bytes, isr.o(.text.DMA2_Channel4_IRQHandler))
<BR>[Address Reference Count : 1]<UL><LI> startup_mm32f3277g.o(RESET)
</UL>
<P><STRONG><a name="[41]"></a>DMA2_Channel5_IRQHandler</STRONG> (Thumb, 38 bytes, Stack size 0 bytes, isr.o(.text.DMA2_Channel5_IRQHandler))
<BR>[Address Reference Count : 1]<UL><LI> startup_mm32f3277g.o(RESET)
</UL>
<P><STRONG><a name="[10]"></a>EXTI0_IRQHandler</STRONG> (Thumb, 18 bytes, Stack size 0 bytes, isr.o(.text.EXTI0_IRQHandler))
<BR>[Address Reference Count : 1]<UL><LI> startup_mm32f3277g.o(RESET)
</UL>
<P><STRONG><a name="[2e]"></a>EXTI15_10_IRQHandler</STRONG> (Thumb, 228 bytes, Stack size 8 bytes, isr.o(.text.EXTI15_10_IRQHandler))
<BR><BR>[Stack]<UL><LI>Max Depth = 112<LI>Call Chain = EXTI15_10_IRQHandler &rArr; dm1xa_sound_callback &rArr; __aeabi_dmul &rArr; _double_epilogue &rArr; _double_round
</UL>
<BR>[Calls]<UL><LI><a href="#[73]">&gt;&gt;</a>&nbsp;&nbsp;&nbsp;dm1xa_sound_callback
<LI><a href="#[72]">&gt;&gt;</a>&nbsp;&nbsp;&nbsp;dm1xa_light_callback
</UL>
<BR>[Address Reference Count : 1]<UL><LI> startup_mm32f3277g.o(RESET)
</UL>
<P><STRONG><a name="[11]"></a>EXTI1_IRQHandler</STRONG> (Thumb, 18 bytes, Stack size 0 bytes, isr.o(.text.EXTI1_IRQHandler))
<BR>[Address Reference Count : 1]<UL><LI> startup_mm32f3277g.o(RESET)
</UL>
<P><STRONG><a name="[12]"></a>EXTI2_IRQHandler</STRONG> (Thumb, 18 bytes, Stack size 0 bytes, isr.o(.text.EXTI2_IRQHandler))
<BR>[Address Reference Count : 1]<UL><LI> startup_mm32f3277g.o(RESET)
</UL>
<P><STRONG><a name="[13]"></a>EXTI3_IRQHandler</STRONG> (Thumb, 18 bytes, Stack size 0 bytes, isr.o(.text.EXTI3_IRQHandler))
<BR>[Address Reference Count : 1]<UL><LI> startup_mm32f3277g.o(RESET)
</UL>
<P><STRONG><a name="[14]"></a>EXTI4_IRQHandler</STRONG> (Thumb, 24 bytes, Stack size 8 bytes, isr.o(.text.EXTI4_IRQHandler))
<BR><BR>[Stack]<UL><LI>Max Depth = 824<LI>Call Chain = EXTI4_IRQHandler &rArr; dl1a_int_handler &rArr; dl1a_get_distance &rArr; soft_iic_read_8bit_registers &rArr; soft_iic_read_data &rArr; soft_iic_send_ack &rArr; debug_assert_handler &rArr; debug_output &rArr; sprintf
</UL>
<BR>[Calls]<UL><LI><a href="#[74]">&gt;&gt;</a>&nbsp;&nbsp;&nbsp;dl1a_int_handler
</UL>
<BR>[Address Reference Count : 1]<UL><LI> startup_mm32f3277g.o(RESET)
</UL>
<P><STRONG><a name="[1f]"></a>EXTI9_5_IRQHandler</STRONG> (Thumb, 196 bytes, Stack size 8 bytes, isr.o(.text.EXTI9_5_IRQHandler))
<BR><BR>[Stack]<UL><LI>Max Depth = 8<LI>Call Chain = EXTI9_5_IRQHandler
</UL>
<BR>[Address Reference Count : 1]<UL><LI> startup_mm32f3277g.o(RESET)
</UL>
<P><STRONG><a name="[75]"></a>EepromRead</STRONG> (Thumb, 124 bytes, Stack size 8 bytes, key.o(.text.EepromRead))
<BR><BR>[Stack]<UL><LI>Max Depth = 728<LI>Call Chain = EepromRead &rArr; flash_read_page_to_buffer &rArr; debug_assert_handler &rArr; debug_output &rArr; sprintf
</UL>
<BR>[Calls]<UL><LI><a href="#[76]">&gt;&gt;</a>&nbsp;&nbsp;&nbsp;flash_read_page_to_buffer
<LI><a href="#[77]">&gt;&gt;</a>&nbsp;&nbsp;&nbsp;Motor_PID_subsection
</UL>
<BR>[Called By]<UL><LI><a href="#[95]">&gt;&gt;</a>&nbsp;&nbsp;&nbsp;all_init
</UL>

<P><STRONG><a name="[78]"></a>Find_Boundry</STRONG> (Thumb, 380 bytes, Stack size 16 bytes, img_handle.o(.text.Find_Boundry))
<BR><BR>[Stack]<UL><LI>Max Depth = 16<LI>Call Chain = Find_Boundry
</UL>
<BR>[Calls]<UL><LI><a href="#[57]">&gt;&gt;</a>&nbsp;&nbsp;&nbsp;__aeabi_memclr
</UL>
<BR>[Called By]<UL><LI><a href="#[7d]">&gt;&gt;</a>&nbsp;&nbsp;&nbsp;Img_handle
</UL>

<P><STRONG><a name="[82]"></a>Get_whitest_columns</STRONG> (Thumb, 594 bytes, Stack size 4 bytes, img_handle.o(.text.Get_whitest_columns))
<BR><BR>[Stack]<UL><LI>Max Depth = 4<LI>Call Chain = Get_whitest_columns
</UL>
<BR>[Called By]<UL><LI><a href="#[7d]">&gt;&gt;</a>&nbsp;&nbsp;&nbsp;Img_handle
</UL>

<P><STRONG><a name="[79]"></a>Img_draw</STRONG> (Thumb, 322 bytes, Stack size 48 bytes, img_handle.o(.text.Img_draw))
<BR><BR>[Stack]<UL><LI>Max Depth = 832<LI>Call Chain = Img_draw &rArr; ips200_show_gray_image &rArr; ips200_set_region &rArr; debug_assert_handler &rArr; debug_output &rArr; sprintf
</UL>
<BR>[Calls]<UL><LI><a href="#[7c]">&gt;&gt;</a>&nbsp;&nbsp;&nbsp;Img_draw_clear
<LI><a href="#[7b]">&gt;&gt;</a>&nbsp;&nbsp;&nbsp;ips200_draw_point
<LI><a href="#[7a]">&gt;&gt;</a>&nbsp;&nbsp;&nbsp;ips200_show_gray_image
</UL>
<BR>[Called By]<UL><LI><a href="#[e5]">&gt;&gt;</a>&nbsp;&nbsp;&nbsp;ips200_show_Img
</UL>

<P><STRONG><a name="[7c]"></a>Img_draw_clear</STRONG> (Thumb, 2 bytes, Stack size 0 bytes, img_handle.o(.text.Img_draw_clear))
<BR><BR>[Called By]<UL><LI><a href="#[79]">&gt;&gt;</a>&nbsp;&nbsp;&nbsp;Img_draw
</UL>

<P><STRONG><a name="[7d]"></a>Img_handle</STRONG> (Thumb, 90 bytes, Stack size 24 bytes, img_handle.o(.text.Img_handle))
<BR><BR>[Stack]<UL><LI>Max Depth = 420<LI>Call Chain = Img_handle &rArr; calculate_threshold &rArr; __aeabi_fsub &rArr; __aeabi_fadd &rArr; _float_epilogue
</UL>
<BR>[Calls]<UL><LI><a href="#[78]">&gt;&gt;</a>&nbsp;&nbsp;&nbsp;Find_Boundry
<LI><a href="#[82]">&gt;&gt;</a>&nbsp;&nbsp;&nbsp;Get_whitest_columns
<LI><a href="#[81]">&gt;&gt;</a>&nbsp;&nbsp;&nbsp;Bin_Image_Filter
<LI><a href="#[80]">&gt;&gt;</a>&nbsp;&nbsp;&nbsp;binarize_image
<LI><a href="#[7f]">&gt;&gt;</a>&nbsp;&nbsp;&nbsp;calculate_threshold
<LI><a href="#[7e]">&gt;&gt;</a>&nbsp;&nbsp;&nbsp;__aeabi_memcpy
</UL>
<BR>[Called By]<UL><LI><a href="#[48]">&gt;&gt;</a>&nbsp;&nbsp;&nbsp;main
</UL>

<P><STRONG><a name="[83]"></a>Incremental_PI_L</STRONG> (Thumb, 152 bytes, Stack size 56 bytes, motor.o(.text.Incremental_PI_L))
<BR><BR>[Stack]<UL><LI>Max Depth = 76<LI>Call Chain = Incremental_PI_L &rArr; __aeabi_fadd &rArr; _float_epilogue
</UL>
<BR>[Calls]<UL><LI><a href="#[85]">&gt;&gt;</a>&nbsp;&nbsp;&nbsp;__aeabi_f2iz
<LI><a href="#[5a]">&gt;&gt;</a>&nbsp;&nbsp;&nbsp;__aeabi_fadd
<LI><a href="#[84]">&gt;&gt;</a>&nbsp;&nbsp;&nbsp;__aeabi_fmul
<LI><a href="#[69]">&gt;&gt;</a>&nbsp;&nbsp;&nbsp;__aeabi_i2f
</UL>
<BR>[Called By]<UL><LI><a href="#[8b]">&gt;&gt;</a>&nbsp;&nbsp;&nbsp;Motor_Control_L
</UL>

<P><STRONG><a name="[86]"></a>Incremental_PI_R</STRONG> (Thumb, 152 bytes, Stack size 56 bytes, motor.o(.text.Incremental_PI_R))
<BR><BR>[Stack]<UL><LI>Max Depth = 76<LI>Call Chain = Incremental_PI_R &rArr; __aeabi_fadd &rArr; _float_epilogue
</UL>
<BR>[Calls]<UL><LI><a href="#[85]">&gt;&gt;</a>&nbsp;&nbsp;&nbsp;__aeabi_f2iz
<LI><a href="#[5a]">&gt;&gt;</a>&nbsp;&nbsp;&nbsp;__aeabi_fadd
<LI><a href="#[84]">&gt;&gt;</a>&nbsp;&nbsp;&nbsp;__aeabi_fmul
<LI><a href="#[69]">&gt;&gt;</a>&nbsp;&nbsp;&nbsp;__aeabi_i2f
</UL>
<BR>[Called By]<UL><LI><a href="#[8c]">&gt;&gt;</a>&nbsp;&nbsp;&nbsp;Motor_Control_R
</UL>

<P><STRONG><a name="[87]"></a>Motor_Control</STRONG> (Thumb, 1336 bytes, Stack size 32 bytes, motor.o(.text.Motor_Control))
<BR><BR>[Stack]<UL><LI>Max Depth = 776<LI>Call Chain = Motor_Control &rArr; Motor_Control_R &rArr; pwm_set_duty &rArr; debug_assert_handler &rArr; debug_output &rArr; sprintf
</UL>
<BR>[Calls]<UL><LI><a href="#[8c]">&gt;&gt;</a>&nbsp;&nbsp;&nbsp;Motor_Control_R
<LI><a href="#[8b]">&gt;&gt;</a>&nbsp;&nbsp;&nbsp;Motor_Control_L
<LI><a href="#[85]">&gt;&gt;</a>&nbsp;&nbsp;&nbsp;__aeabi_f2iz
<LI><a href="#[89]">&gt;&gt;</a>&nbsp;&nbsp;&nbsp;__aeabi_fcmpge
<LI><a href="#[5a]">&gt;&gt;</a>&nbsp;&nbsp;&nbsp;__aeabi_fadd
<LI><a href="#[88]">&gt;&gt;</a>&nbsp;&nbsp;&nbsp;__aeabi_fcmple
<LI><a href="#[5d]">&gt;&gt;</a>&nbsp;&nbsp;&nbsp;__aeabi_fsub
<LI><a href="#[84]">&gt;&gt;</a>&nbsp;&nbsp;&nbsp;__aeabi_fmul
<LI><a href="#[69]">&gt;&gt;</a>&nbsp;&nbsp;&nbsp;__aeabi_i2f
<LI><a href="#[77]">&gt;&gt;</a>&nbsp;&nbsp;&nbsp;Motor_PID_subsection
<LI><a href="#[8a]">&gt;&gt;</a>&nbsp;&nbsp;&nbsp;__aeabi_f2d
<LI><a href="#[6e]">&gt;&gt;</a>&nbsp;&nbsp;&nbsp;__aeabi_d2f
<LI><a href="#[67]">&gt;&gt;</a>&nbsp;&nbsp;&nbsp;__aeabi_dmul
</UL>
<BR>[Called By]<UL><LI><a href="#[24]">&gt;&gt;</a>&nbsp;&nbsp;&nbsp;TIM2_IRQHandler
</UL>

<P><STRONG><a name="[8b]"></a>Motor_Control_L</STRONG> (Thumb, 224 bytes, Stack size 16 bytes, motor.o(.text.Motor_Control_L))
<BR><BR>[Stack]<UL><LI>Max Depth = 744<LI>Call Chain = Motor_Control_L &rArr; pwm_set_duty &rArr; debug_assert_handler &rArr; debug_output &rArr; sprintf
</UL>
<BR>[Calls]<UL><LI><a href="#[8e]">&gt;&gt;</a>&nbsp;&nbsp;&nbsp;pwm_set_duty
<LI><a href="#[8d]">&gt;&gt;</a>&nbsp;&nbsp;&nbsp;gpio_set_level
<LI><a href="#[83]">&gt;&gt;</a>&nbsp;&nbsp;&nbsp;Incremental_PI_L
</UL>
<BR>[Called By]<UL><LI><a href="#[87]">&gt;&gt;</a>&nbsp;&nbsp;&nbsp;Motor_Control
</UL>

<P><STRONG><a name="[8c]"></a>Motor_Control_R</STRONG> (Thumb, 224 bytes, Stack size 16 bytes, motor.o(.text.Motor_Control_R))
<BR><BR>[Stack]<UL><LI>Max Depth = 744<LI>Call Chain = Motor_Control_R &rArr; pwm_set_duty &rArr; debug_assert_handler &rArr; debug_output &rArr; sprintf
</UL>
<BR>[Calls]<UL><LI><a href="#[86]">&gt;&gt;</a>&nbsp;&nbsp;&nbsp;Incremental_PI_R
<LI><a href="#[8e]">&gt;&gt;</a>&nbsp;&nbsp;&nbsp;pwm_set_duty
<LI><a href="#[8d]">&gt;&gt;</a>&nbsp;&nbsp;&nbsp;gpio_set_level
</UL>
<BR>[Called By]<UL><LI><a href="#[87]">&gt;&gt;</a>&nbsp;&nbsp;&nbsp;Motor_Control
</UL>

<P><STRONG><a name="[77]"></a>Motor_PID_subsection</STRONG> (Thumb, 232 bytes, Stack size 32 bytes, motor.o(.text.Motor_PID_subsection))
<BR><BR>[Stack]<UL><LI>Max Depth = 120<LI>Call Chain = Motor_PID_subsection &rArr; __aeabi_dmul &rArr; _double_epilogue &rArr; _double_round
</UL>
<BR>[Calls]<UL><LI><a href="#[6e]">&gt;&gt;</a>&nbsp;&nbsp;&nbsp;__aeabi_d2f
<LI><a href="#[67]">&gt;&gt;</a>&nbsp;&nbsp;&nbsp;__aeabi_dmul
<LI><a href="#[6b]">&gt;&gt;</a>&nbsp;&nbsp;&nbsp;__aeabi_i2d
</UL>
<BR>[Called By]<UL><LI><a href="#[75]">&gt;&gt;</a>&nbsp;&nbsp;&nbsp;EepromRead
<LI><a href="#[87]">&gt;&gt;</a>&nbsp;&nbsp;&nbsp;Motor_Control
</UL>

<P><STRONG><a name="[9e]"></a>Motor_Pid_init</STRONG> (Thumb, 32 bytes, Stack size 0 bytes, motor.o(.text.Motor_Pid_init))
<BR><BR>[Called By]<UL><LI><a href="#[95]">&gt;&gt;</a>&nbsp;&nbsp;&nbsp;all_init
</UL>

<P><STRONG><a name="[49]"></a>SystemInit</STRONG> (Thumb, 16 bytes, Stack size 8 bytes, system_mm32f3277g.o(.text.SystemInit))
<BR><BR>[Stack]<UL><LI>Max Depth = 64<LI>Call Chain = SystemInit &rArr; clock_init &rArr; clock_set_freq &rArr; func_get_greatest_common_divisor
</UL>
<BR>[Calls]<UL><LI><a href="#[8f]">&gt;&gt;</a>&nbsp;&nbsp;&nbsp;clock_init
</UL>
<BR>[Address Reference Count : 1]<UL><LI> startup_mm32f3277g.o(.text)
</UL>
<P><STRONG><a name="[21]"></a>TIM1_UP_IRQHandler</STRONG> (Thumb, 18 bytes, Stack size 0 bytes, isr.o(.text.TIM1_UP_IRQHandler))
<BR>[Address Reference Count : 1]<UL><LI> startup_mm32f3277g.o(RESET)
</UL>
<P><STRONG><a name="[24]"></a>TIM2_IRQHandler</STRONG> (Thumb, 190 bytes, Stack size 8 bytes, isr.o(.text.TIM2_IRQHandler))
<BR><BR>[Stack]<UL><LI>Max Depth = 784<LI>Call Chain = TIM2_IRQHandler &rArr; Motor_Control &rArr; Motor_Control_R &rArr; pwm_set_duty &rArr; debug_assert_handler &rArr; debug_output &rArr; sprintf
</UL>
<BR>[Calls]<UL><LI><a href="#[92]">&gt;&gt;</a>&nbsp;&nbsp;&nbsp;ds_serial
<LI><a href="#[91]">&gt;&gt;</a>&nbsp;&nbsp;&nbsp;car_emergency_stop
<LI><a href="#[87]">&gt;&gt;</a>&nbsp;&nbsp;&nbsp;Motor_Control
<LI><a href="#[90]">&gt;&gt;</a>&nbsp;&nbsp;&nbsp;ds_encoderCount
</UL>
<BR>[Address Reference Count : 1]<UL><LI> startup_mm32f3277g.o(RESET)
</UL>
<P><STRONG><a name="[25]"></a>TIM3_IRQHandler</STRONG> (Thumb, 18 bytes, Stack size 0 bytes, isr.o(.text.TIM3_IRQHandler))
<BR>[Address Reference Count : 1]<UL><LI> startup_mm32f3277g.o(RESET)
</UL>
<P><STRONG><a name="[26]"></a>TIM4_IRQHandler</STRONG> (Thumb, 18 bytes, Stack size 0 bytes, isr.o(.text.TIM4_IRQHandler))
<BR>[Address Reference Count : 1]<UL><LI> startup_mm32f3277g.o(RESET)
</UL>
<P><STRONG><a name="[37]"></a>TIM5_IRQHandler</STRONG> (Thumb, 18 bytes, Stack size 0 bytes, isr.o(.text.TIM5_IRQHandler))
<BR>[Address Reference Count : 1]<UL><LI> startup_mm32f3277g.o(RESET)
</UL>
<P><STRONG><a name="[3b]"></a>TIM6_IRQHandler</STRONG> (Thumb, 18 bytes, Stack size 0 bytes, isr.o(.text.TIM6_IRQHandler))
<BR>[Address Reference Count : 1]<UL><LI> startup_mm32f3277g.o(RESET)
</UL>
<P><STRONG><a name="[3c]"></a>TIM7_IRQHandler</STRONG> (Thumb, 18 bytes, Stack size 0 bytes, isr.o(.text.TIM7_IRQHandler))
<BR>[Address Reference Count : 1]<UL><LI> startup_mm32f3277g.o(RESET)
</UL>
<P><STRONG><a name="[32]"></a>TIM8_UP_IRQHandler</STRONG> (Thumb, 24 bytes, Stack size 8 bytes, isr.o(.text.TIM8_UP_IRQHandler))
<BR><BR>[Stack]<UL><LI>Max Depth = 36<LI>Call Chain = TIM8_UP_IRQHandler &rArr; tsl1401_collect_pit_handler &rArr; adc_convert
</UL>
<BR>[Calls]<UL><LI><a href="#[93]">&gt;&gt;</a>&nbsp;&nbsp;&nbsp;tsl1401_collect_pit_handler
</UL>
<BR>[Address Reference Count : 1]<UL><LI> startup_mm32f3277g.o(RESET)
</UL>
<P><STRONG><a name="[2b]"></a>UART1_IRQHandler</STRONG> (Thumb, 72 bytes, Stack size 0 bytes, isr.o(.text.UART1_IRQHandler))
<BR>[Address Reference Count : 1]<UL><LI> startup_mm32f3277g.o(RESET)
</UL>
<P><STRONG><a name="[2c]"></a>UART2_IRQHandler</STRONG> (Thumb, 78 bytes, Stack size 8 bytes, isr.o(.text.UART2_IRQHandler))
<BR><BR>[Stack]<UL><LI>Max Depth = 800<LI>Call Chain = UART2_IRQHandler &rArr; gps_uart_callback &rArr; fifo_read_buffer &rArr; fifo_used &rArr; debug_assert_handler &rArr; debug_output &rArr; sprintf
</UL>
<BR>[Calls]<UL><LI><a href="#[94]">&gt;&gt;</a>&nbsp;&nbsp;&nbsp;gps_uart_callback
</UL>
<BR>[Address Reference Count : 1]<UL><LI> startup_mm32f3277g.o(RESET)
</UL>
<P><STRONG><a name="[2d]"></a>UART3_IRQHandler</STRONG> (Thumb, 72 bytes, Stack size 0 bytes, isr.o(.text.UART3_IRQHandler))
<BR>[Address Reference Count : 1]<UL><LI> startup_mm32f3277g.o(RESET)
</UL>
<P><STRONG><a name="[39]"></a>UART4_IRQHandler</STRONG> (Thumb, 72 bytes, Stack size 0 bytes, isr.o(.text.UART4_IRQHandler))
<BR>[Address Reference Count : 1]<UL><LI> startup_mm32f3277g.o(RESET)
</UL>
<P><STRONG><a name="[3a]"></a>UART5_IRQHandler</STRONG> (Thumb, 72 bytes, Stack size 0 bytes, isr.o(.text.UART5_IRQHandler))
<BR>[Address Reference Count : 1]<UL><LI> startup_mm32f3277g.o(RESET)
</UL>
<P><STRONG><a name="[45]"></a>UART6_IRQHandler</STRONG> (Thumb, 86 bytes, Stack size 8 bytes, isr.o(.text.UART6_IRQHandler))
<BR><BR>[Stack]<UL><LI>Max Depth = 8<LI>Call Chain = UART6_IRQHandler
</UL>
<BR>[Address Reference Count : 1]<UL><LI> startup_mm32f3277g.o(RESET)
</UL>
<P><STRONG><a name="[46]"></a>UART7_IRQHandler</STRONG> (Thumb, 72 bytes, Stack size 0 bytes, isr.o(.text.UART7_IRQHandler))
<BR>[Address Reference Count : 1]<UL><LI> startup_mm32f3277g.o(RESET)
</UL>
<P><STRONG><a name="[47]"></a>UART8_IRQHandler</STRONG> (Thumb, 86 bytes, Stack size 8 bytes, isr.o(.text.UART8_IRQHandler))
<BR><BR>[Stack]<UL><LI>Max Depth = 8<LI>Call Chain = UART8_IRQHandler
</UL>
<BR>[Address Reference Count : 1]<UL><LI> startup_mm32f3277g.o(RESET)
</UL>
<P><STRONG><a name="[ff]"></a>adc_convert</STRONG> (Thumb, 150 bytes, Stack size 4 bytes, zf_driver_adc.o(.text.adc_convert))
<BR><BR>[Stack]<UL><LI>Max Depth = 4<LI>Call Chain = adc_convert
</UL>
<BR>[Called By]<UL><LI><a href="#[93]">&gt;&gt;</a>&nbsp;&nbsp;&nbsp;tsl1401_collect_pit_handler
</UL>

<P><STRONG><a name="[cc]"></a>afio_init</STRONG> (Thumb, 384 bytes, Stack size 12 bytes, zf_driver_gpio.o(.text.afio_init))
<BR><BR>[Stack]<UL><LI>Max Depth = 12<LI>Call Chain = afio_init
</UL>
<BR>[Called By]<UL><LI><a href="#[a6]">&gt;&gt;</a>&nbsp;&nbsp;&nbsp;timer_etr_init
<LI><a href="#[e0]">&gt;&gt;</a>&nbsp;&nbsp;&nbsp;spi_init
<LI><a href="#[b4]">&gt;&gt;</a>&nbsp;&nbsp;&nbsp;uart_init
<LI><a href="#[c8]">&gt;&gt;</a>&nbsp;&nbsp;&nbsp;pwm_init
<LI><a href="#[c6]">&gt;&gt;</a>&nbsp;&nbsp;&nbsp;encoder_quad_init
</UL>

<P><STRONG><a name="[95]"></a>all_init</STRONG> (Thumb, 202 bytes, Stack size 32 bytes, all_init.o(.text.all_init))
<BR><BR>[Stack]<UL><LI>Max Depth = 1000<LI>Call Chain = all_init &rArr; mt9v03x_init &rArr; mt9v03x_set_config_sccb &rArr; mt9v03x_read_word_sccb &rArr; soft_iic_sccb_read_register &rArr; soft_iic_read_data &rArr; soft_iic_send_ack &rArr; debug_assert_handler &rArr; debug_output &rArr; sprintf
</UL>
<BR>[Calls]<UL><LI><a href="#[a0]">&gt;&gt;</a>&nbsp;&nbsp;&nbsp;interrupt_set_priority
<LI><a href="#[9f]">&gt;&gt;</a>&nbsp;&nbsp;&nbsp;pit_init
<LI><a href="#[4d]">&gt;&gt;</a>&nbsp;&nbsp;&nbsp;ips200_clear
<LI><a href="#[75]">&gt;&gt;</a>&nbsp;&nbsp;&nbsp;EepromRead
<LI><a href="#[9e]">&gt;&gt;</a>&nbsp;&nbsp;&nbsp;Motor_Pid_init
<LI><a href="#[9d]">&gt;&gt;</a>&nbsp;&nbsp;&nbsp;ds_motor_init
<LI><a href="#[9a]">&gt;&gt;</a>&nbsp;&nbsp;&nbsp;ds_ips200_init
<LI><a href="#[99]">&gt;&gt;</a>&nbsp;&nbsp;&nbsp;wireless_uart_init
<LI><a href="#[4c]">&gt;&gt;</a>&nbsp;&nbsp;&nbsp;ips200_show_string
<LI><a href="#[98]">&gt;&gt;</a>&nbsp;&nbsp;&nbsp;mt9v03x_init
<LI><a href="#[97]">&gt;&gt;</a>&nbsp;&nbsp;&nbsp;system_delay_ms
<LI><a href="#[96]">&gt;&gt;</a>&nbsp;&nbsp;&nbsp;debug_init
<LI><a href="#[8f]">&gt;&gt;</a>&nbsp;&nbsp;&nbsp;clock_init
<LI><a href="#[9b]">&gt;&gt;</a>&nbsp;&nbsp;&nbsp;ds_key_init
<LI><a href="#[9c]">&gt;&gt;</a>&nbsp;&nbsp;&nbsp;ds_encoder_init
</UL>
<BR>[Called By]<UL><LI><a href="#[48]">&gt;&gt;</a>&nbsp;&nbsp;&nbsp;main
</UL>

<P><STRONG><a name="[80]"></a>binarize_image</STRONG> (Thumb, 178 bytes, Stack size 8 bytes, img_handle.o(.text.binarize_image))
<BR><BR>[Stack]<UL><LI>Max Depth = 8<LI>Call Chain = binarize_image
</UL>
<BR>[Called By]<UL><LI><a href="#[7d]">&gt;&gt;</a>&nbsp;&nbsp;&nbsp;Img_handle
</UL>

<P><STRONG><a name="[7f]"></a>calculate_threshold</STRONG> (Thumb, 804 bytes, Stack size 376 bytes, img_handle.o(.text.calculate_threshold))
<BR><BR>[Stack]<UL><LI>Max Depth = 396<LI>Call Chain = calculate_threshold &rArr; __aeabi_fsub &rArr; __aeabi_fadd &rArr; _float_epilogue
</UL>
<BR>[Calls]<UL><LI><a href="#[88]">&gt;&gt;</a>&nbsp;&nbsp;&nbsp;__aeabi_fcmple
<LI><a href="#[5d]">&gt;&gt;</a>&nbsp;&nbsp;&nbsp;__aeabi_fsub
<LI><a href="#[84]">&gt;&gt;</a>&nbsp;&nbsp;&nbsp;__aeabi_fmul
<LI><a href="#[69]">&gt;&gt;</a>&nbsp;&nbsp;&nbsp;__aeabi_i2f
<LI><a href="#[5f]">&gt;&gt;</a>&nbsp;&nbsp;&nbsp;__aeabi_fdiv
<LI><a href="#[6a]">&gt;&gt;</a>&nbsp;&nbsp;&nbsp;__aeabi_ui2f
<LI><a href="#[a1]">&gt;&gt;</a>&nbsp;&nbsp;&nbsp;abs
</UL>
<BR>[Called By]<UL><LI><a href="#[7d]">&gt;&gt;</a>&nbsp;&nbsp;&nbsp;Img_handle
</UL>

<P><STRONG><a name="[a2]"></a>camera_fifo_init</STRONG> (Thumb, 28 bytes, Stack size 8 bytes, zf_device_camera.o(.text.camera_fifo_init))
<BR><BR>[Stack]<UL><LI>Max Depth = 728<LI>Call Chain = camera_fifo_init &rArr; fifo_init &rArr; debug_assert_handler &rArr; debug_output &rArr; sprintf
</UL>
<BR>[Calls]<UL><LI><a href="#[a3]">&gt;&gt;</a>&nbsp;&nbsp;&nbsp;fifo_init
</UL>
<BR>[Called By]<UL><LI><a href="#[98]">&gt;&gt;</a>&nbsp;&nbsp;&nbsp;mt9v03x_init
</UL>

<P><STRONG><a name="[a4]"></a>camera_init</STRONG> (Thumb, 202 bytes, Stack size 40 bytes, zf_device_camera.o(.text.camera_init))
<BR><BR>[Stack]<UL><LI>Max Depth = 760<LI>Call Chain = camera_init &rArr; timer_etr_init &rArr; debug_assert_handler &rArr; debug_output &rArr; sprintf
</UL>
<BR>[Calls]<UL><LI><a href="#[a6]">&gt;&gt;</a>&nbsp;&nbsp;&nbsp;timer_etr_init
<LI><a href="#[a7]">&gt;&gt;</a>&nbsp;&nbsp;&nbsp;exti_init
<LI><a href="#[a5]">&gt;&gt;</a>&nbsp;&nbsp;&nbsp;dma_camera_init
<LI><a href="#[a0]">&gt;&gt;</a>&nbsp;&nbsp;&nbsp;interrupt_set_priority
</UL>
<BR>[Called By]<UL><LI><a href="#[98]">&gt;&gt;</a>&nbsp;&nbsp;&nbsp;mt9v03x_init
</UL>

<P><STRONG><a name="[91]"></a>car_emergency_stop</STRONG> (Thumb, 124 bytes, Stack size 16 bytes, img_handle.o(.text.car_emergency_stop))
<BR><BR>[Stack]<UL><LI>Max Depth = 72<LI>Call Chain = car_emergency_stop &rArr; __aeabi_i2d &rArr; _double_epilogue &rArr; _double_round
</UL>
<BR>[Calls]<UL><LI><a href="#[a8]">&gt;&gt;</a>&nbsp;&nbsp;&nbsp;__aeabi_dcmplt
<LI><a href="#[6b]">&gt;&gt;</a>&nbsp;&nbsp;&nbsp;__aeabi_i2d
</UL>
<BR>[Called By]<UL><LI><a href="#[24]">&gt;&gt;</a>&nbsp;&nbsp;&nbsp;TIM2_IRQHandler
</UL>

<P><STRONG><a name="[8f]"></a>clock_init</STRONG> (Thumb, 36 bytes, Stack size 16 bytes, zf_common_clock.o(.text.clock_init))
<BR><BR>[Stack]<UL><LI>Max Depth = 56<LI>Call Chain = clock_init &rArr; clock_set_freq &rArr; func_get_greatest_common_divisor
</UL>
<BR>[Calls]<UL><LI><a href="#[ab]">&gt;&gt;</a>&nbsp;&nbsp;&nbsp;interrupt_init
<LI><a href="#[aa]">&gt;&gt;</a>&nbsp;&nbsp;&nbsp;clock_set_freq
<LI><a href="#[a9]">&gt;&gt;</a>&nbsp;&nbsp;&nbsp;clock_reset
</UL>
<BR>[Called By]<UL><LI><a href="#[95]">&gt;&gt;</a>&nbsp;&nbsp;&nbsp;all_init
<LI><a href="#[49]">&gt;&gt;</a>&nbsp;&nbsp;&nbsp;SystemInit
</UL>

<P><STRONG><a name="[e9]"></a>debug_assert_disable</STRONG> (Thumb, 14 bytes, Stack size 0 bytes, zf_common_debug.o(.text.debug_assert_disable))
<BR><BR>[Called By]<UL><LI><a href="#[48]">&gt;&gt;</a>&nbsp;&nbsp;&nbsp;main
</UL>

<P><STRONG><a name="[ad]"></a>debug_assert_handler</STRONG> (Thumb, 108 bytes, Stack size 24 bytes, zf_common_debug.o(.text.debug_assert_handler))
<BR><BR>[Stack]<UL><LI>Max Depth = 688<LI>Call Chain = debug_assert_handler &rArr; debug_output &rArr; sprintf
</UL>
<BR>[Calls]<UL><LI><a href="#[ae]">&gt;&gt;</a>&nbsp;&nbsp;&nbsp;interrupt_global_disable
<LI><a href="#[b1]">&gt;&gt;</a>&nbsp;&nbsp;&nbsp;debug_delay
<LI><a href="#[b0]">&gt;&gt;</a>&nbsp;&nbsp;&nbsp;debug_output
<LI><a href="#[af]">&gt;&gt;</a>&nbsp;&nbsp;&nbsp;debug_protective_handler
</UL>
<BR>[Called By]<UL><LI><a href="#[d6]">&gt;&gt;</a>&nbsp;&nbsp;&nbsp;uart_query_byte
<LI><a href="#[ec]">&gt;&gt;</a>&nbsp;&nbsp;&nbsp;uart_write_buffer
<LI><a href="#[a6]">&gt;&gt;</a>&nbsp;&nbsp;&nbsp;timer_etr_init
<LI><a href="#[e0]">&gt;&gt;</a>&nbsp;&nbsp;&nbsp;spi_init
<LI><a href="#[ef]">&gt;&gt;</a>&nbsp;&nbsp;&nbsp;soft_iic_init
<LI><a href="#[f4]">&gt;&gt;</a>&nbsp;&nbsp;&nbsp;soft_iic_sccb_read_register
<LI><a href="#[f8]">&gt;&gt;</a>&nbsp;&nbsp;&nbsp;soft_iic_sccb_write_register
<LI><a href="#[be]">&gt;&gt;</a>&nbsp;&nbsp;&nbsp;soft_iic_read_8bit_registers
<LI><a href="#[bf]">&gt;&gt;</a>&nbsp;&nbsp;&nbsp;soft_iic_write_8bit_register
<LI><a href="#[fd]">&gt;&gt;</a>&nbsp;&nbsp;&nbsp;soft_iic_send_ack
<LI><a href="#[fb]">&gt;&gt;</a>&nbsp;&nbsp;&nbsp;soft_iic_read_data
<LI><a href="#[fe]">&gt;&gt;</a>&nbsp;&nbsp;&nbsp;soft_iic_wait_ack
<LI><a href="#[fc]">&gt;&gt;</a>&nbsp;&nbsp;&nbsp;soft_iic_stop
<LI><a href="#[fa]">&gt;&gt;</a>&nbsp;&nbsp;&nbsp;soft_iic_send_data
<LI><a href="#[f9]">&gt;&gt;</a>&nbsp;&nbsp;&nbsp;soft_iic_start
<LI><a href="#[d5]">&gt;&gt;</a>&nbsp;&nbsp;&nbsp;func_int_to_str
<LI><a href="#[a3]">&gt;&gt;</a>&nbsp;&nbsp;&nbsp;fifo_init
<LI><a href="#[ce]">&gt;&gt;</a>&nbsp;&nbsp;&nbsp;fifo_read_buffer
<LI><a href="#[d1]">&gt;&gt;</a>&nbsp;&nbsp;&nbsp;fifo_write_buffer
<LI><a href="#[d3]">&gt;&gt;</a>&nbsp;&nbsp;&nbsp;fifo_write_element
<LI><a href="#[cf]">&gt;&gt;</a>&nbsp;&nbsp;&nbsp;fifo_used
<LI><a href="#[cd]">&gt;&gt;</a>&nbsp;&nbsp;&nbsp;fifo_clear
<LI><a href="#[ba]">&gt;&gt;</a>&nbsp;&nbsp;&nbsp;uart_write_string
<LI><a href="#[b4]">&gt;&gt;</a>&nbsp;&nbsp;&nbsp;uart_init
<LI><a href="#[8e]">&gt;&gt;</a>&nbsp;&nbsp;&nbsp;pwm_set_duty
<LI><a href="#[c8]">&gt;&gt;</a>&nbsp;&nbsp;&nbsp;pwm_init
<LI><a href="#[bc]">&gt;&gt;</a>&nbsp;&nbsp;&nbsp;ips200_show_int
<LI><a href="#[7b]">&gt;&gt;</a>&nbsp;&nbsp;&nbsp;ips200_draw_point
<LI><a href="#[7a]">&gt;&gt;</a>&nbsp;&nbsp;&nbsp;ips200_show_gray_image
<LI><a href="#[76]">&gt;&gt;</a>&nbsp;&nbsp;&nbsp;flash_read_page_to_buffer
<LI><a href="#[9f]">&gt;&gt;</a>&nbsp;&nbsp;&nbsp;pit_init
<LI><a href="#[4c]">&gt;&gt;</a>&nbsp;&nbsp;&nbsp;ips200_show_string
<LI><a href="#[97]">&gt;&gt;</a>&nbsp;&nbsp;&nbsp;system_delay_ms
<LI><a href="#[c6]">&gt;&gt;</a>&nbsp;&nbsp;&nbsp;encoder_quad_init
<LI><a href="#[e6]">&gt;&gt;</a>&nbsp;&nbsp;&nbsp;ips200_show_char
<LI><a href="#[dd]">&gt;&gt;</a>&nbsp;&nbsp;&nbsp;ips200_set_region
</UL>

<P><STRONG><a name="[96]"></a>debug_init</STRONG> (Thumb, 50 bytes, Stack size 32 bytes, zf_common_debug.o(.text.debug_init))
<BR><BR>[Stack]<UL><LI>Max Depth = 744<LI>Call Chain = debug_init &rArr; uart_init &rArr; debug_assert_handler &rArr; debug_output &rArr; sprintf
</UL>
<BR>[Calls]<UL><LI><a href="#[b4]">&gt;&gt;</a>&nbsp;&nbsp;&nbsp;uart_init
<LI><a href="#[b3]">&gt;&gt;</a>&nbsp;&nbsp;&nbsp;debug_output_init
<LI><a href="#[b2]">&gt;&gt;</a>&nbsp;&nbsp;&nbsp;debug_output_struct_init
</UL>
<BR>[Called By]<UL><LI><a href="#[95]">&gt;&gt;</a>&nbsp;&nbsp;&nbsp;all_init
</UL>

<P><STRONG><a name="[b5]"></a>debug_log_handler</STRONG> (Thumb, 66 bytes, Stack size 24 bytes, zf_common_debug.o(.text.debug_log_handler))
<BR><BR>[Stack]<UL><LI>Max Depth = 688<LI>Call Chain = debug_log_handler &rArr; debug_output &rArr; sprintf
</UL>
<BR>[Calls]<UL><LI><a href="#[b0]">&gt;&gt;</a>&nbsp;&nbsp;&nbsp;debug_output
</UL>
<BR>[Called By]<UL><LI><a href="#[98]">&gt;&gt;</a>&nbsp;&nbsp;&nbsp;mt9v03x_init
</UL>

<P><STRONG><a name="[b3]"></a>debug_output_init</STRONG> (Thumb, 76 bytes, Stack size 4 bytes, zf_common_debug.o(.text.debug_output_init))
<BR><BR>[Stack]<UL><LI>Max Depth = 4<LI>Call Chain = debug_output_init
</UL>
<BR>[Called By]<UL><LI><a href="#[96]">&gt;&gt;</a>&nbsp;&nbsp;&nbsp;debug_init
<LI><a href="#[df]">&gt;&gt;</a>&nbsp;&nbsp;&nbsp;ips200_debug_init
</UL>

<P><STRONG><a name="[b2]"></a>debug_output_struct_init</STRONG> (Thumb, 48 bytes, Stack size 4 bytes, zf_common_debug.o(.text.debug_output_struct_init))
<BR><BR>[Stack]<UL><LI>Max Depth = 4<LI>Call Chain = debug_output_struct_init
</UL>
<BR>[Called By]<UL><LI><a href="#[96]">&gt;&gt;</a>&nbsp;&nbsp;&nbsp;debug_init
<LI><a href="#[df]">&gt;&gt;</a>&nbsp;&nbsp;&nbsp;ips200_debug_init
</UL>

<P><STRONG><a name="[bb]"></a>display_menu_status</STRONG> (Thumb, 388 bytes, Stack size 24 bytes, menu.o(.text.display_menu_status))
<BR><BR>[Stack]<UL><LI>Max Depth = 864<LI>Call Chain = display_menu_status &rArr; ips200_show_int &rArr; ips200_show_string &rArr; ips200_show_char &rArr; ips200_set_region &rArr; debug_assert_handler &rArr; debug_output &rArr; sprintf
</UL>
<BR>[Calls]<UL><LI><a href="#[bc]">&gt;&gt;</a>&nbsp;&nbsp;&nbsp;ips200_show_int
<LI><a href="#[4c]">&gt;&gt;</a>&nbsp;&nbsp;&nbsp;ips200_show_string
</UL>
<BR>[Called By]<UL><LI><a href="#[e5]">&gt;&gt;</a>&nbsp;&nbsp;&nbsp;ips200_show_Img
</UL>

<P><STRONG><a name="[bd]"></a>dl1a_get_distance</STRONG> (Thumb, 158 bytes, Stack size 24 bytes, zf_device_dl1a.o(.text.dl1a_get_distance))
<BR><BR>[Stack]<UL><LI>Max Depth = 808<LI>Call Chain = dl1a_get_distance &rArr; soft_iic_read_8bit_registers &rArr; soft_iic_read_data &rArr; soft_iic_send_ack &rArr; debug_assert_handler &rArr; debug_output &rArr; sprintf
</UL>
<BR>[Calls]<UL><LI><a href="#[be]">&gt;&gt;</a>&nbsp;&nbsp;&nbsp;soft_iic_read_8bit_registers
<LI><a href="#[bf]">&gt;&gt;</a>&nbsp;&nbsp;&nbsp;soft_iic_write_8bit_register
</UL>
<BR>[Called By]<UL><LI><a href="#[74]">&gt;&gt;</a>&nbsp;&nbsp;&nbsp;dl1a_int_handler
</UL>

<P><STRONG><a name="[74]"></a>dl1a_int_handler</STRONG> (Thumb, 8 bytes, Stack size 8 bytes, zf_device_dl1a.o(.text.dl1a_int_handler))
<BR><BR>[Stack]<UL><LI>Max Depth = 816<LI>Call Chain = dl1a_int_handler &rArr; dl1a_get_distance &rArr; soft_iic_read_8bit_registers &rArr; soft_iic_read_data &rArr; soft_iic_send_ack &rArr; debug_assert_handler &rArr; debug_output &rArr; sprintf
</UL>
<BR>[Calls]<UL><LI><a href="#[bd]">&gt;&gt;</a>&nbsp;&nbsp;&nbsp;dl1a_get_distance
</UL>
<BR>[Called By]<UL><LI><a href="#[14]">&gt;&gt;</a>&nbsp;&nbsp;&nbsp;EXTI4_IRQHandler
</UL>

<P><STRONG><a name="[72]"></a>dm1xa_light_callback</STRONG> (Thumb, 58 bytes, Stack size 16 bytes, zf_device_dm1xa.o(.text.dm1xa_light_callback))
<BR><BR>[Stack]<UL><LI>Max Depth = 24<LI>Call Chain = dm1xa_light_callback &rArr; timer_clear
</UL>
<BR>[Calls]<UL><LI><a href="#[c0]">&gt;&gt;</a>&nbsp;&nbsp;&nbsp;timer_clear
</UL>
<BR>[Called By]<UL><LI><a href="#[2e]">&gt;&gt;</a>&nbsp;&nbsp;&nbsp;EXTI15_10_IRQHandler
</UL>

<P><STRONG><a name="[73]"></a>dm1xa_sound_callback</STRONG> (Thumb, 256 bytes, Stack size 16 bytes, zf_device_dm1xa.o(.text.dm1xa_sound_callback))
<BR><BR>[Stack]<UL><LI>Max Depth = 104<LI>Call Chain = dm1xa_sound_callback &rArr; __aeabi_dmul &rArr; _double_epilogue &rArr; _double_round
</UL>
<BR>[Calls]<UL><LI><a href="#[c0]">&gt;&gt;</a>&nbsp;&nbsp;&nbsp;timer_clear
<LI><a href="#[c2]">&gt;&gt;</a>&nbsp;&nbsp;&nbsp;timer_get
<LI><a href="#[6c]">&gt;&gt;</a>&nbsp;&nbsp;&nbsp;__aeabi_d2iz
<LI><a href="#[6a]">&gt;&gt;</a>&nbsp;&nbsp;&nbsp;__aeabi_ui2f
<LI><a href="#[c1]">&gt;&gt;</a>&nbsp;&nbsp;&nbsp;gpio_get_level
<LI><a href="#[8a]">&gt;&gt;</a>&nbsp;&nbsp;&nbsp;__aeabi_f2d
<LI><a href="#[67]">&gt;&gt;</a>&nbsp;&nbsp;&nbsp;__aeabi_dmul
</UL>
<BR>[Called By]<UL><LI><a href="#[2e]">&gt;&gt;</a>&nbsp;&nbsp;&nbsp;EXTI15_10_IRQHandler
</UL>

<P><STRONG><a name="[a5]"></a>dma_camera_init</STRONG> (Thumb, 338 bytes, Stack size 32 bytes, zf_driver_dma.o(.text.dma_camera_init))
<BR><BR>[Stack]<UL><LI>Max Depth = 52<LI>Call Chain = dma_camera_init &rArr; interrupt_enable &rArr; __NVIC_EnableIRQ
</UL>
<BR>[Calls]<UL><LI><a href="#[c3]">&gt;&gt;</a>&nbsp;&nbsp;&nbsp;interrupt_enable
</UL>
<BR>[Called By]<UL><LI><a href="#[a4]">&gt;&gt;</a>&nbsp;&nbsp;&nbsp;camera_init
</UL>

<P><STRONG><a name="[ea]"></a>dma_disable</STRONG> (Thumb, 50 bytes, Stack size 4 bytes, zf_driver_dma.o(.text.dma_disable))
<BR><BR>[Stack]<UL><LI>Max Depth = 4<LI>Call Chain = dma_disable
</UL>
<BR>[Called By]<UL><LI><a href="#[4f]">&gt;&gt;</a>&nbsp;&nbsp;&nbsp;mt9v03x_dma_handler
<LI><a href="#[4e]">&gt;&gt;</a>&nbsp;&nbsp;&nbsp;mt9v03x_vsync_handler
</UL>

<P><STRONG><a name="[f7]"></a>dma_enable</STRONG> (Thumb, 50 bytes, Stack size 4 bytes, zf_driver_dma.o(.text.dma_enable))
<BR><BR>[Stack]<UL><LI>Max Depth = 4<LI>Call Chain = dma_enable
</UL>
<BR>[Called By]<UL><LI><a href="#[4e]">&gt;&gt;</a>&nbsp;&nbsp;&nbsp;mt9v03x_vsync_handler
</UL>

<P><STRONG><a name="[f6]"></a>dma_set_count</STRONG> (Thumb, 52 bytes, Stack size 4 bytes, zf_driver_dma.o(.text.dma_set_count))
<BR><BR>[Stack]<UL><LI>Max Depth = 4<LI>Call Chain = dma_set_count
</UL>
<BR>[Called By]<UL><LI><a href="#[4e]">&gt;&gt;</a>&nbsp;&nbsp;&nbsp;mt9v03x_vsync_handler
</UL>

<P><STRONG><a name="[90]"></a>ds_encoderCount</STRONG> (Thumb, 244 bytes, Stack size 64 bytes, all_init.o(.text.ds_encoderCount))
<BR><BR>[Stack]<UL><LI>Max Depth = 152<LI>Call Chain = ds_encoderCount &rArr; __aeabi_dadd &rArr; _double_epilogue &rArr; _double_round
</UL>
<BR>[Calls]<UL><LI><a href="#[60]">&gt;&gt;</a>&nbsp;&nbsp;&nbsp;__aeabi_dadd
<LI><a href="#[8a]">&gt;&gt;</a>&nbsp;&nbsp;&nbsp;__aeabi_f2d
<LI><a href="#[6e]">&gt;&gt;</a>&nbsp;&nbsp;&nbsp;__aeabi_d2f
<LI><a href="#[67]">&gt;&gt;</a>&nbsp;&nbsp;&nbsp;__aeabi_dmul
<LI><a href="#[6b]">&gt;&gt;</a>&nbsp;&nbsp;&nbsp;__aeabi_i2d
<LI><a href="#[c5]">&gt;&gt;</a>&nbsp;&nbsp;&nbsp;encoder_clear_count
<LI><a href="#[c4]">&gt;&gt;</a>&nbsp;&nbsp;&nbsp;encoder_get_count
</UL>
<BR>[Called By]<UL><LI><a href="#[24]">&gt;&gt;</a>&nbsp;&nbsp;&nbsp;TIM2_IRQHandler
</UL>

<P><STRONG><a name="[9c]"></a>ds_encoder_init</STRONG> (Thumb, 32 bytes, Stack size 8 bytes, all_init.o(.text.ds_encoder_init))
<BR><BR>[Stack]<UL><LI>Max Depth = 736<LI>Call Chain = ds_encoder_init &rArr; encoder_quad_init &rArr; debug_assert_handler &rArr; debug_output &rArr; sprintf
</UL>
<BR>[Calls]<UL><LI><a href="#[c6]">&gt;&gt;</a>&nbsp;&nbsp;&nbsp;encoder_quad_init
</UL>
<BR>[Called By]<UL><LI><a href="#[95]">&gt;&gt;</a>&nbsp;&nbsp;&nbsp;all_init
</UL>

<P><STRONG><a name="[9a]"></a>ds_ips200_init</STRONG> (Thumb, 20 bytes, Stack size 8 bytes, menu.o(.text.ds_ips200_init))
<BR><BR>[Stack]<UL><LI>Max Depth = 904<LI>Call Chain = ds_ips200_init &rArr; ips200_init &rArr; spi_init &rArr; debug_assert_handler &rArr; debug_output &rArr; sprintf
</UL>
<BR>[Calls]<UL><LI><a href="#[c7]">&gt;&gt;</a>&nbsp;&nbsp;&nbsp;ips200_init
<LI><a href="#[4d]">&gt;&gt;</a>&nbsp;&nbsp;&nbsp;ips200_clear
<LI><a href="#[97]">&gt;&gt;</a>&nbsp;&nbsp;&nbsp;system_delay_ms
</UL>
<BR>[Called By]<UL><LI><a href="#[95]">&gt;&gt;</a>&nbsp;&nbsp;&nbsp;all_init
</UL>

<P><STRONG><a name="[9b]"></a>ds_key_init</STRONG> (Thumb, 62 bytes, Stack size 24 bytes, all_init.o(.text.ds_key_init))
<BR><BR>[Stack]<UL><LI>Max Depth = 52<LI>Call Chain = ds_key_init &rArr; gpio_init &rArr; gpio_set_level
</UL>
<BR>[Calls]<UL><LI><a href="#[b9]">&gt;&gt;</a>&nbsp;&nbsp;&nbsp;gpio_init
</UL>
<BR>[Called By]<UL><LI><a href="#[95]">&gt;&gt;</a>&nbsp;&nbsp;&nbsp;all_init
</UL>

<P><STRONG><a name="[9d]"></a>ds_motor_init</STRONG> (Thumb, 76 bytes, Stack size 32 bytes, motor.o(.text.ds_motor_init))
<BR><BR>[Stack]<UL><LI>Max Depth = 768<LI>Call Chain = ds_motor_init &rArr; pwm_init &rArr; debug_assert_handler &rArr; debug_output &rArr; sprintf
</UL>
<BR>[Calls]<UL><LI><a href="#[c8]">&gt;&gt;</a>&nbsp;&nbsp;&nbsp;pwm_init
<LI><a href="#[b9]">&gt;&gt;</a>&nbsp;&nbsp;&nbsp;gpio_init
</UL>
<BR>[Called By]<UL><LI><a href="#[95]">&gt;&gt;</a>&nbsp;&nbsp;&nbsp;all_init
</UL>

<P><STRONG><a name="[92]"></a>ds_serial</STRONG> (Thumb, 78 bytes, Stack size 8 bytes, serial.o(.text.ds_serial))
<BR><BR>[Stack]<UL><LI>Max Depth = 32<LI>Call Chain = ds_serial &rArr; printf
</UL>
<BR>[Calls]<UL><LI><a href="#[c9]">&gt;&gt;</a>&nbsp;&nbsp;&nbsp;printf
</UL>
<BR>[Called By]<UL><LI><a href="#[24]">&gt;&gt;</a>&nbsp;&nbsp;&nbsp;TIM2_IRQHandler
</UL>

<P><STRONG><a name="[c5]"></a>encoder_clear_count</STRONG> (Thumb, 144 bytes, Stack size 8 bytes, zf_driver_encoder.o(.text.encoder_clear_count))
<BR><BR>[Stack]<UL><LI>Max Depth = 8<LI>Call Chain = encoder_clear_count
</UL>
<BR>[Called By]<UL><LI><a href="#[90]">&gt;&gt;</a>&nbsp;&nbsp;&nbsp;ds_encoderCount
</UL>

<P><STRONG><a name="[c4]"></a>encoder_get_count</STRONG> (Thumb, 222 bytes, Stack size 16 bytes, zf_driver_encoder.o(.text.encoder_get_count))
<BR><BR>[Stack]<UL><LI>Max Depth = 20<LI>Call Chain = encoder_get_count &rArr; gpio_get_level
</UL>
<BR>[Calls]<UL><LI><a href="#[c1]">&gt;&gt;</a>&nbsp;&nbsp;&nbsp;gpio_get_level
</UL>
<BR>[Called By]<UL><LI><a href="#[90]">&gt;&gt;</a>&nbsp;&nbsp;&nbsp;ds_encoderCount
</UL>

<P><STRONG><a name="[c6]"></a>encoder_quad_init</STRONG> (Thumb, 346 bytes, Stack size 40 bytes, zf_driver_encoder.o(.text.encoder_quad_init))
<BR><BR>[Stack]<UL><LI>Max Depth = 728<LI>Call Chain = encoder_quad_init &rArr; debug_assert_handler &rArr; debug_output &rArr; sprintf
</UL>
<BR>[Calls]<UL><LI><a href="#[cc]">&gt;&gt;</a>&nbsp;&nbsp;&nbsp;afio_init
<LI><a href="#[cb]">&gt;&gt;</a>&nbsp;&nbsp;&nbsp;timer_clock_enable
<LI><a href="#[ca]">&gt;&gt;</a>&nbsp;&nbsp;&nbsp;timer_funciton_check
<LI><a href="#[ad]">&gt;&gt;</a>&nbsp;&nbsp;&nbsp;debug_assert_handler
</UL>
<BR>[Called By]<UL><LI><a href="#[9c]">&gt;&gt;</a>&nbsp;&nbsp;&nbsp;ds_encoder_init
</UL>

<P><STRONG><a name="[a7]"></a>exti_init</STRONG> (Thumb, 672 bytes, Stack size 40 bytes, zf_driver_exti.o(.text.exti_init))
<BR><BR>[Stack]<UL><LI>Max Depth = 68<LI>Call Chain = exti_init &rArr; gpio_init &rArr; gpio_set_level
</UL>
<BR>[Calls]<UL><LI><a href="#[c3]">&gt;&gt;</a>&nbsp;&nbsp;&nbsp;interrupt_enable
<LI><a href="#[b9]">&gt;&gt;</a>&nbsp;&nbsp;&nbsp;gpio_init
</UL>
<BR>[Called By]<UL><LI><a href="#[a4]">&gt;&gt;</a>&nbsp;&nbsp;&nbsp;camera_init
</UL>

<P><STRONG><a name="[cd]"></a>fifo_clear</STRONG> (Thumb, 168 bytes, Stack size 24 bytes, zf_common_fifo.o(.text.fifo_clear))
<BR><BR>[Stack]<UL><LI>Max Depth = 712<LI>Call Chain = fifo_clear &rArr; debug_assert_handler &rArr; debug_output &rArr; sprintf
</UL>
<BR>[Calls]<UL><LI><a href="#[ad]">&gt;&gt;</a>&nbsp;&nbsp;&nbsp;debug_assert_handler
<LI><a href="#[57]">&gt;&gt;</a>&nbsp;&nbsp;&nbsp;__aeabi_memclr
</UL>
<BR>[Called By]<UL><LI><a href="#[94]">&gt;&gt;</a>&nbsp;&nbsp;&nbsp;gps_uart_callback
<LI><a href="#[50]">&gt;&gt;</a>&nbsp;&nbsp;&nbsp;mt9v03x_uart_handler
</UL>

<P><STRONG><a name="[a3]"></a>fifo_init</STRONG> (Thumb, 110 bytes, Stack size 32 bytes, zf_common_fifo.o(.text.fifo_init))
<BR><BR>[Stack]<UL><LI>Max Depth = 720<LI>Call Chain = fifo_init &rArr; debug_assert_handler &rArr; debug_output &rArr; sprintf
</UL>
<BR>[Calls]<UL><LI><a href="#[ad]">&gt;&gt;</a>&nbsp;&nbsp;&nbsp;debug_assert_handler
</UL>
<BR>[Called By]<UL><LI><a href="#[99]">&gt;&gt;</a>&nbsp;&nbsp;&nbsp;wireless_uart_init
<LI><a href="#[a2]">&gt;&gt;</a>&nbsp;&nbsp;&nbsp;camera_fifo_init
</UL>

<P><STRONG><a name="[ce]"></a>fifo_read_buffer</STRONG> (Thumb, 496 bytes, Stack size 48 bytes, zf_common_fifo.o(.text.fifo_read_buffer))
<BR><BR>[Stack]<UL><LI>Max Depth = 752<LI>Call Chain = fifo_read_buffer &rArr; fifo_used &rArr; debug_assert_handler &rArr; debug_output &rArr; sprintf
</UL>
<BR>[Calls]<UL><LI><a href="#[cf]">&gt;&gt;</a>&nbsp;&nbsp;&nbsp;fifo_used
<LI><a href="#[d0]">&gt;&gt;</a>&nbsp;&nbsp;&nbsp;fifo_end_offset
<LI><a href="#[ad]">&gt;&gt;</a>&nbsp;&nbsp;&nbsp;debug_assert_handler
[...]

<P><STRONG><a name="[11d]"></a>__c89printf</STRONG> (Thumb, 0 bytes, Stack size 24 bytes, printfa.o(i.__0printf), UNUSED)

<P><STRONG><a name="[c9]"></a>printf</STRONG> (Thumb, 0 bytes, Stack size 24 bytes, printfa.o(i.__0printf))
<BR><BR>[Stack]<UL><LI>Max Depth = 24<LI>Call Chain = printf
</UL>
<BR>[Called By]<UL><LI><a href="#[92]">&gt;&gt;</a>&nbsp;&nbsp;&nbsp;ds_serial
</UL>

<P><STRONG><a name="[104]"></a>__0sprintf</STRONG> (Thumb, 34 bytes, Stack size 24 bytes, printfa.o(i.__0sprintf), UNUSED)
<BR><BR>[Calls]<UL><LI><a href="#[54]">&gt;&gt;</a>&nbsp;&nbsp;&nbsp;_sputc
<LI><a href="#[103]">&gt;&gt;</a>&nbsp;&nbsp;&nbsp;_printf_core
</UL>

<P><STRONG><a name="[11e]"></a>__1sprintf</STRONG> (Thumb, 0 bytes, Stack size 24 bytes, printfa.o(i.__0sprintf), UNUSED)

<P><STRONG><a name="[11f]"></a>__2sprintf</STRONG> (Thumb, 0 bytes, Stack size 24 bytes, printfa.o(i.__0sprintf), UNUSED)

<P><STRONG><a name="[120]"></a>__c89sprintf</STRONG> (Thumb, 0 bytes, Stack size 24 bytes, printfa.o(i.__0sprintf), UNUSED)

<P><STRONG><a name="[b7]"></a>sprintf</STRONG> (Thumb, 0 bytes, Stack size 24 bytes, printfa.o(i.__0sprintf))
<BR><BR>[Stack]<UL><LI>Max Depth = 24<LI>Call Chain = sprintf
</UL>
<BR>[Called By]<UL><LI><a href="#[b0]">&gt;&gt;</a>&nbsp;&nbsp;&nbsp;debug_output
</UL>

<P><STRONG><a name="[121]"></a>__scatterload_copy</STRONG> (Thumb, 14 bytes, Stack size unknown bytes, handlers.o(i.__scatterload_copy), UNUSED)

<P><STRONG><a name="[122]"></a>__scatterload_null</STRONG> (Thumb, 2 bytes, Stack size unknown bytes, handlers.o(i.__scatterload_null), UNUSED)

<P><STRONG><a name="[123]"></a>__scatterload_zeroinit</STRONG> (Thumb, 14 bytes, Stack size unknown bytes, handlers.o(i.__scatterload_zeroinit), UNUSED)
<P>
<H3>
Local Symbols
</H3>
<P><STRONG><a name="[a9]"></a>clock_reset</STRONG> (Thumb, 152 bytes, Stack size 4 bytes, zf_common_clock.o(.text.clock_reset))
<BR><BR>[Stack]<UL><LI>Max Depth = 4<LI>Call Chain = clock_reset
</UL>
<BR>[Called By]<UL><LI><a href="#[8f]">&gt;&gt;</a>&nbsp;&nbsp;&nbsp;clock_init
</UL>

<P><STRONG><a name="[aa]"></a>clock_set_freq</STRONG> (Thumb, 608 bytes, Stack size 32 bytes, zf_common_clock.o(.text.clock_set_freq))
<BR><BR>[Stack]<UL><LI>Max Depth = 40<LI>Call Chain = clock_set_freq &rArr; func_get_greatest_common_divisor
</UL>
<BR>[Calls]<UL><LI><a href="#[ac]">&gt;&gt;</a>&nbsp;&nbsp;&nbsp;func_get_greatest_common_divisor
</UL>
<BR>[Called By]<UL><LI><a href="#[8f]">&gt;&gt;</a>&nbsp;&nbsp;&nbsp;clock_init
</UL>

<P><STRONG><a name="[af]"></a>debug_protective_handler</STRONG> (Thumb, 242 bytes, Stack size 192 bytes, zf_common_debug.o(.text.debug_protective_handler))
<BR><BR>[Stack]<UL><LI>Max Depth = 220<LI>Call Chain = debug_protective_handler &rArr; gpio_init &rArr; gpio_set_level
</UL>
<BR>[Calls]<UL><LI><a href="#[b9]">&gt;&gt;</a>&nbsp;&nbsp;&nbsp;gpio_init
<LI><a href="#[b8]">&gt;&gt;</a>&nbsp;&nbsp;&nbsp;__aeabi_memcpy4
</UL>
<BR>[Called By]<UL><LI><a href="#[ad]">&gt;&gt;</a>&nbsp;&nbsp;&nbsp;debug_assert_handler
</UL>

<P><STRONG><a name="[b0]"></a>debug_output</STRONG> (Thumb, 942 bytes, Stack size 640 bytes, zf_common_debug.o(.text.debug_output))
<BR><BR>[Stack]<UL><LI>Max Depth = 664<LI>Call Chain = debug_output &rArr; sprintf
</UL>
<BR>[Calls]<UL><LI><a href="#[b7]">&gt;&gt;</a>&nbsp;&nbsp;&nbsp;sprintf
<LI><a href="#[b6]">&gt;&gt;</a>&nbsp;&nbsp;&nbsp;strlen
<LI><a href="#[57]">&gt;&gt;</a>&nbsp;&nbsp;&nbsp;__aeabi_memclr
</UL>
<BR>[Called By]<UL><LI><a href="#[b5]">&gt;&gt;</a>&nbsp;&nbsp;&nbsp;debug_log_handler
<LI><a href="#[ad]">&gt;&gt;</a>&nbsp;&nbsp;&nbsp;debug_assert_handler
</UL>

<P><STRONG><a name="[b1]"></a>debug_delay</STRONG> (Thumb, 64 bytes, Stack size 8 bytes, zf_common_debug.o(.text.debug_delay))
<BR><BR>[Stack]<UL><LI>Max Depth = 8<LI>Call Chain = debug_delay
</UL>
<BR>[Called By]<UL><LI><a href="#[ad]">&gt;&gt;</a>&nbsp;&nbsp;&nbsp;debug_assert_handler
</UL>

<P><STRONG><a name="[4b]"></a>debug_uart_str_output</STRONG> (Thumb, 18 bytes, Stack size 16 bytes, zf_common_debug.o(.text.debug_uart_str_output))
<BR><BR>[Stack]<UL><LI>Max Depth = 720<LI>Call Chain = debug_uart_str_output &rArr; uart_write_string &rArr; debug_assert_handler &rArr; debug_output &rArr; sprintf
</UL>
<BR>[Calls]<UL><LI><a href="#[ba]">&gt;&gt;</a>&nbsp;&nbsp;&nbsp;uart_write_string
</UL>
<BR>[Address Reference Count : 1]<UL><LI> zf_common_debug.o(.text.debug_init)
</UL>
<P><STRONG><a name="[d2]"></a>fifo_head_offset</STRONG> (Thumb, 46 bytes, Stack size 8 bytes, zf_common_fifo.o(.text.fifo_head_offset))
<BR><BR>[Stack]<UL><LI>Max Depth = 8<LI>Call Chain = fifo_head_offset
</UL>
<BR>[Called By]<UL><LI><a href="#[d1]">&gt;&gt;</a>&nbsp;&nbsp;&nbsp;fifo_write_buffer
<LI><a href="#[d3]">&gt;&gt;</a>&nbsp;&nbsp;&nbsp;fifo_write_element
</UL>

<P><STRONG><a name="[d0]"></a>fifo_end_offset</STRONG> (Thumb, 46 bytes, Stack size 8 bytes, zf_common_fifo.o(.text.fifo_end_offset))
<BR><BR>[Stack]<UL><LI>Max Depth = 8<LI>Call Chain = fifo_end_offset
</UL>
<BR>[Called By]<UL><LI><a href="#[ce]">&gt;&gt;</a>&nbsp;&nbsp;&nbsp;fifo_read_buffer
</UL>

<P><STRONG><a name="[da]"></a>__NVIC_EnableIRQ</STRONG> (Thumb, 48 bytes, Stack size 4 bytes, zf_common_interrupt.o(.text.__NVIC_EnableIRQ))
<BR><BR>[Stack]<UL><LI>Max Depth = 4<LI>Call Chain = __NVIC_EnableIRQ
</UL>
<BR>[Called By]<UL><LI><a href="#[c3]">&gt;&gt;</a>&nbsp;&nbsp;&nbsp;interrupt_enable
</UL>

<P><STRONG><a name="[d9]"></a>__NVIC_DisableIRQ</STRONG> (Thumb, 56 bytes, Stack size 4 bytes, zf_common_interrupt.o(.text.__NVIC_DisableIRQ))
<BR><BR>[Stack]<UL><LI>Max Depth = 4<LI>Call Chain = __NVIC_DisableIRQ
</UL>
<BR>[Called By]<UL><LI><a href="#[d8]">&gt;&gt;</a>&nbsp;&nbsp;&nbsp;interrupt_disable
</UL>

<P><STRONG><a name="[dc]"></a>__NVIC_SetPriority</STRONG> (Thumb, 66 bytes, Stack size 8 bytes, zf_common_interrupt.o(.text.__NVIC_SetPriority))
<BR><BR>[Stack]<UL><LI>Max Depth = 8<LI>Call Chain = __NVIC_SetPriority
</UL>
<BR>[Called By]<UL><LI><a href="#[a0]">&gt;&gt;</a>&nbsp;&nbsp;&nbsp;interrupt_set_priority
</UL>

<P><STRONG><a name="[db]"></a>__NVIC_SetPriorityGrouping</STRONG> (Thumb, 60 bytes, Stack size 12 bytes, zf_common_interrupt.o(.text.__NVIC_SetPriorityGrouping))
<BR><BR>[Stack]<UL><LI>Max Depth = 12<LI>Call Chain = __NVIC_SetPriorityGrouping
</UL>
<BR>[Called By]<UL><LI><a href="#[ab]">&gt;&gt;</a>&nbsp;&nbsp;&nbsp;interrupt_init
</UL>

<P><STRONG><a name="[f9]"></a>soft_iic_start</STRONG> (Thumb, 218 bytes, Stack size 24 bytes, zf_driver_soft_iic.o(.text.soft_iic_start))
<BR><BR>[Stack]<UL><LI>Max Depth = 712<LI>Call Chain = soft_iic_start &rArr; debug_assert_handler &rArr; debug_output &rArr; sprintf
</UL>
<BR>[Calls]<UL><LI><a href="#[ad]">&gt;&gt;</a>&nbsp;&nbsp;&nbsp;debug_assert_handler
</UL>
<BR>[Called By]<UL><LI><a href="#[f4]">&gt;&gt;</a>&nbsp;&nbsp;&nbsp;soft_iic_sccb_read_register
<LI><a href="#[f8]">&gt;&gt;</a>&nbsp;&nbsp;&nbsp;soft_iic_sccb_write_register
<LI><a href="#[be]">&gt;&gt;</a>&nbsp;&nbsp;&nbsp;soft_iic_read_8bit_registers
<LI><a href="#[bf]">&gt;&gt;</a>&nbsp;&nbsp;&nbsp;soft_iic_write_8bit_register
</UL>

<P><STRONG><a name="[fa]"></a>soft_iic_send_data</STRONG> (Thumb, 296 bytes, Stack size 32 bytes, zf_driver_soft_iic.o(.text.soft_iic_send_data))
<BR><BR>[Stack]<UL><LI>Max Depth = 752<LI>Call Chain = soft_iic_send_data &rArr; soft_iic_wait_ack &rArr; debug_assert_handler &rArr; debug_output &rArr; sprintf
</UL>
<BR>[Calls]<UL><LI><a href="#[fe]">&gt;&gt;</a>&nbsp;&nbsp;&nbsp;soft_iic_wait_ack
<LI><a href="#[ad]">&gt;&gt;</a>&nbsp;&nbsp;&nbsp;debug_assert_handler
</UL>
<BR>[Called By]<UL><LI><a href="#[f4]">&gt;&gt;</a>&nbsp;&nbsp;&nbsp;soft_iic_sccb_read_register
<LI><a href="#[f8]">&gt;&gt;</a>&nbsp;&nbsp;&nbsp;soft_iic_sccb_write_register
<LI><a href="#[be]">&gt;&gt;</a>&nbsp;&nbsp;&nbsp;soft_iic_read_8bit_registers
<LI><a href="#[bf]">&gt;&gt;</a>&nbsp;&nbsp;&nbsp;soft_iic_write_8bit_register
</UL>

<P><STRONG><a name="[fc]"></a>soft_iic_stop</STRONG> (Thumb, 218 bytes, Stack size 24 bytes, zf_driver_soft_iic.o(.text.soft_iic_stop))
<BR><BR>[Stack]<UL><LI>Max Depth = 712<LI>Call Chain = soft_iic_stop &rArr; debug_assert_handler &rArr; debug_output &rArr; sprintf
</UL>
<BR>[Calls]<UL><LI><a href="#[ad]">&gt;&gt;</a>&nbsp;&nbsp;&nbsp;debug_assert_handler
</UL>
<BR>[Called By]<UL><LI><a href="#[f4]">&gt;&gt;</a>&nbsp;&nbsp;&nbsp;soft_iic_sccb_read_register
<LI><a href="#[f8]">&gt;&gt;</a>&nbsp;&nbsp;&nbsp;soft_iic_sccb_write_register
<LI><a href="#[be]">&gt;&gt;</a>&nbsp;&nbsp;&nbsp;soft_iic_read_8bit_registers
<LI><a href="#[bf]">&gt;&gt;</a>&nbsp;&nbsp;&nbsp;soft_iic_write_8bit_register
</UL>

<P><STRONG><a name="[fe]"></a>soft_iic_wait_ack</STRONG> (Thumb, 248 bytes, Stack size 32 bytes, zf_driver_soft_iic.o(.text.soft_iic_wait_ack))
<BR><BR>[Stack]<UL><LI>Max Depth = 720<LI>Call Chain = soft_iic_wait_ack &rArr; debug_assert_handler &rArr; debug_output &rArr; sprintf
</UL>
<BR>[Calls]<UL><LI><a href="#[ad]">&gt;&gt;</a>&nbsp;&nbsp;&nbsp;debug_assert_handler
<LI><a href="#[c1]">&gt;&gt;</a>&nbsp;&nbsp;&nbsp;gpio_get_level
</UL>
<BR>[Called By]<UL><LI><a href="#[fa]">&gt;&gt;</a>&nbsp;&nbsp;&nbsp;soft_iic_send_data
</UL>

<P><STRONG><a name="[fb]"></a>soft_iic_read_data</STRONG> (Thumb, 356 bytes, Stack size 40 bytes, zf_driver_soft_iic.o(.text.soft_iic_read_data))
<BR><BR>[Stack]<UL><LI>Max Depth = 752<LI>Call Chain = soft_iic_read_data &rArr; soft_iic_send_ack &rArr; debug_assert_handler &rArr; debug_output &rArr; sprintf
</UL>
<BR>[Calls]<UL><LI><a href="#[fd]">&gt;&gt;</a>&nbsp;&nbsp;&nbsp;soft_iic_send_ack
<LI><a href="#[ad]">&gt;&gt;</a>&nbsp;&nbsp;&nbsp;debug_assert_handler
<LI><a href="#[c1]">&gt;&gt;</a>&nbsp;&nbsp;&nbsp;gpio_get_level
</UL>
<BR>[Called By]<UL><LI><a href="#[f4]">&gt;&gt;</a>&nbsp;&nbsp;&nbsp;soft_iic_sccb_read_register
<LI><a href="#[be]">&gt;&gt;</a>&nbsp;&nbsp;&nbsp;soft_iic_read_8bit_registers
</UL>

<P><STRONG><a name="[fd]"></a>soft_iic_send_ack</STRONG> (Thumb, 282 bytes, Stack size 24 bytes, zf_driver_soft_iic.o(.text.soft_iic_send_ack))
<BR><BR>[Stack]<UL><LI>Max Depth = 712<LI>Call Chain = soft_iic_send_ack &rArr; debug_assert_handler &rArr; debug_output &rArr; sprintf
</UL>
<BR>[Calls]<UL><LI><a href="#[ad]">&gt;&gt;</a>&nbsp;&nbsp;&nbsp;debug_assert_handler
</UL>
<BR>[Called By]<UL><LI><a href="#[fb]">&gt;&gt;</a>&nbsp;&nbsp;&nbsp;soft_iic_read_data
</UL>

<P><STRONG><a name="[dd]"></a>ips200_set_region</STRONG> (Thumb, 196 bytes, Stack size 32 bytes, zf_device_ips200.o(.text.ips200_set_region))
<BR><BR>[Stack]<UL><LI>Max Depth = 720<LI>Call Chain = ips200_set_region &rArr; debug_assert_handler &rArr; debug_output &rArr; sprintf
</UL>
<BR>[Calls]<UL><LI><a href="#[ad]">&gt;&gt;</a>&nbsp;&nbsp;&nbsp;debug_assert_handler
<LI><a href="#[e3]">&gt;&gt;</a>&nbsp;&nbsp;&nbsp;ips200_write_command
<LI><a href="#[de]">&gt;&gt;</a>&nbsp;&nbsp;&nbsp;ips200_write_16bit_data
</UL>
<BR>[Called By]<UL><LI><a href="#[7b]">&gt;&gt;</a>&nbsp;&nbsp;&nbsp;ips200_draw_point
<LI><a href="#[7a]">&gt;&gt;</a>&nbsp;&nbsp;&nbsp;ips200_show_gray_image
<LI><a href="#[4d]">&gt;&gt;</a>&nbsp;&nbsp;&nbsp;ips200_clear
<LI><a href="#[e6]">&gt;&gt;</a>&nbsp;&nbsp;&nbsp;ips200_show_char
</UL>

<P><STRONG><a name="[de]"></a>ips200_write_16bit_data</STRONG> (Thumb, 214 bytes, Stack size 16 bytes, zf_device_ips200.o(.text.ips200_write_16bit_data))
<BR><BR>[Stack]<UL><LI>Max Depth = 20<LI>Call Chain = ips200_write_16bit_data &rArr; spi_write_16bit
</UL>
<BR>[Calls]<UL><LI><a href="#[e7]">&gt;&gt;</a>&nbsp;&nbsp;&nbsp;spi_write_16bit
</UL>
<BR>[Called By]<UL><LI><a href="#[7b]">&gt;&gt;</a>&nbsp;&nbsp;&nbsp;ips200_draw_point
<LI><a href="#[7a]">&gt;&gt;</a>&nbsp;&nbsp;&nbsp;ips200_show_gray_image
<LI><a href="#[4d]">&gt;&gt;</a>&nbsp;&nbsp;&nbsp;ips200_clear
<LI><a href="#[e6]">&gt;&gt;</a>&nbsp;&nbsp;&nbsp;ips200_show_char
<LI><a href="#[dd]">&gt;&gt;</a>&nbsp;&nbsp;&nbsp;ips200_set_region
</UL>

<P><STRONG><a name="[e3]"></a>ips200_write_command</STRONG> (Thumb, 234 bytes, Stack size 16 bytes, zf_device_ips200.o(.text.ips200_write_command))
<BR><BR>[Stack]<UL><LI>Max Depth = 20<LI>Call Chain = ips200_write_command &rArr; spi_write_8bit
</UL>
<BR>[Calls]<UL><LI><a href="#[e8]">&gt;&gt;</a>&nbsp;&nbsp;&nbsp;spi_write_8bit
</UL>
<BR>[Called By]<UL><LI><a href="#[c7]">&gt;&gt;</a>&nbsp;&nbsp;&nbsp;ips200_init
<LI><a href="#[dd]">&gt;&gt;</a>&nbsp;&nbsp;&nbsp;ips200_set_region
</UL>

<P><STRONG><a name="[e4]"></a>ips200_write_8bit_data</STRONG> (Thumb, 174 bytes, Stack size 16 bytes, zf_device_ips200.o(.text.ips200_write_8bit_data))
<BR><BR>[Stack]<UL><LI>Max Depth = 20<LI>Call Chain = ips200_write_8bit_data &rArr; spi_write_8bit
</UL>
<BR>[Calls]<UL><LI><a href="#[e8]">&gt;&gt;</a>&nbsp;&nbsp;&nbsp;spi_write_8bit
</UL>
<BR>[Called By]<UL><LI><a href="#[c7]">&gt;&gt;</a>&nbsp;&nbsp;&nbsp;ips200_init
</UL>

<P><STRONG><a name="[df]"></a>ips200_debug_init</STRONG> (Thumb, 138 bytes, Stack size 32 bytes, zf_device_ips200.o(.text.ips200_debug_init))
<BR><BR>[Stack]<UL><LI>Max Depth = 36<LI>Call Chain = ips200_debug_init &rArr; debug_output_init
</UL>
<BR>[Calls]<UL><LI><a href="#[b3]">&gt;&gt;</a>&nbsp;&nbsp;&nbsp;debug_output_init
<LI><a href="#[b2]">&gt;&gt;</a>&nbsp;&nbsp;&nbsp;debug_output_struct_init
</UL>
<BR>[Called By]<UL><LI><a href="#[c7]">&gt;&gt;</a>&nbsp;&nbsp;&nbsp;ips200_init
</UL>

<P><STRONG><a name="[4e]"></a>mt9v03x_vsync_handler</STRONG> (Thumb, 54 bytes, Stack size 16 bytes, zf_device_mt9v03x.o(.text.mt9v03x_vsync_handler))
<BR><BR>[Stack]<UL><LI>Max Depth = 20<LI>Call Chain = mt9v03x_vsync_handler &rArr; dma_disable
</UL>
<BR>[Calls]<UL><LI><a href="#[ea]">&gt;&gt;</a>&nbsp;&nbsp;&nbsp;dma_disable
<LI><a href="#[f7]">&gt;&gt;</a>&nbsp;&nbsp;&nbsp;dma_enable
<LI><a href="#[f6]">&gt;&gt;</a>&nbsp;&nbsp;&nbsp;dma_set_count
</UL>
<BR>[Address Reference Count : 1]<UL><LI> zf_device_mt9v03x.o(.text.mt9v03x_init)
</UL>
<P><STRONG><a name="[4f]"></a>mt9v03x_dma_handler</STRONG> (Thumb, 22 bytes, Stack size 8 bytes, zf_device_mt9v03x.o(.text.mt9v03x_dma_handler))
<BR><BR>[Stack]<UL><LI>Max Depth = 12<LI>Call Chain = mt9v03x_dma_handler &rArr; dma_disable
</UL>
<BR>[Calls]<UL><LI><a href="#[ea]">&gt;&gt;</a>&nbsp;&nbsp;&nbsp;dma_disable
</UL>
<BR>[Address Reference Count : 1]<UL><LI> zf_device_mt9v03x.o(.text.mt9v03x_init)
</UL>
<P><STRONG><a name="[50]"></a>mt9v03x_uart_handler</STRONG> (Thumb, 64 bytes, Stack size 16 bytes, zf_device_mt9v03x.o(.text.mt9v03x_uart_handler))
<BR><BR>[Stack]<UL><LI>Max Depth = 728<LI>Call Chain = mt9v03x_uart_handler &rArr; uart_query_byte &rArr; debug_assert_handler &rArr; debug_output &rArr; sprintf
</UL>
<BR>[Calls]<UL><LI><a href="#[d6]">&gt;&gt;</a>&nbsp;&nbsp;&nbsp;uart_query_byte
<LI><a href="#[d3]">&gt;&gt;</a>&nbsp;&nbsp;&nbsp;fifo_write_element
<LI><a href="#[cd]">&gt;&gt;</a>&nbsp;&nbsp;&nbsp;fifo_clear
</UL>
<BR>[Address Reference Count : 1]<UL><LI> zf_device_mt9v03x.o(.text.mt9v03x_init)
</UL>
<P><STRONG><a name="[f2]"></a>mt9v03x_set_config</STRONG> (Thumb, 248 bytes, Stack size 32 bytes, zf_device_mt9v03x.o(.text.mt9v03x_set_config))
<BR><BR>[Stack]<UL><LI>Max Depth = 784<LI>Call Chain = mt9v03x_set_config &rArr; fifo_read_buffer &rArr; fifo_used &rArr; debug_assert_handler &rArr; debug_output &rArr; sprintf
</UL>
<BR>[Calls]<UL><LI><a href="#[ec]">&gt;&gt;</a>&nbsp;&nbsp;&nbsp;uart_write_buffer
<LI><a href="#[ce]">&gt;&gt;</a>&nbsp;&nbsp;&nbsp;fifo_read_buffer
<LI><a href="#[cf]">&gt;&gt;</a>&nbsp;&nbsp;&nbsp;fifo_used
<LI><a href="#[97]">&gt;&gt;</a>&nbsp;&nbsp;&nbsp;system_delay_ms
</UL>
<BR>[Called By]<UL><LI><a href="#[98]">&gt;&gt;</a>&nbsp;&nbsp;&nbsp;mt9v03x_init
</UL>

<P><STRONG><a name="[eb]"></a>mt9v03x_get_config</STRONG> (Thumb, 290 bytes, Stack size 32 bytes, zf_device_mt9v03x.o(.text.mt9v03x_get_config))
<BR><BR>[Stack]<UL><LI>Max Depth = 784<LI>Call Chain = mt9v03x_get_config &rArr; fifo_read_buffer &rArr; fifo_used &rArr; debug_assert_handler &rArr; debug_output &rArr; sprintf
</UL>
<BR>[Calls]<UL><LI><a href="#[ec]">&gt;&gt;</a>&nbsp;&nbsp;&nbsp;uart_write_buffer
<LI><a href="#[ce]">&gt;&gt;</a>&nbsp;&nbsp;&nbsp;fifo_read_buffer
<LI><a href="#[cf]">&gt;&gt;</a>&nbsp;&nbsp;&nbsp;fifo_used
<LI><a href="#[97]">&gt;&gt;</a>&nbsp;&nbsp;&nbsp;system_delay_ms
</UL>
<BR>[Called By]<UL><LI><a href="#[98]">&gt;&gt;</a>&nbsp;&nbsp;&nbsp;mt9v03x_init
</UL>

<P><STRONG><a name="[51]"></a>type_default_callback</STRONG> (Thumb, 2 bytes, Stack size 0 bytes, zf_device_type.o(.text.type_default_callback))
<BR>[Address Reference Count : 6]<UL><LI> zf_device_type.o(.text.set_camera_type)
<LI> zf_device_type.o(.text.set_wireless_type)
<LI> zf_device_type.o(.data.camera_uart_handler)
<LI> zf_device_type.o(.data.camera_vsync_handler)
<LI> zf_device_type.o(.data.camera_dma_handler)
<LI> zf_device_type.o(.data.wireless_module_uart_handler)
</UL>
<P><STRONG><a name="[f5]"></a>mt9v03x_write_word_sccb</STRONG> (Thumb, 50 bytes, Stack size 16 bytes, zf_device_config.o(.text.mt9v03x_write_word_sccb))
<BR><BR>[Stack]<UL><LI>Max Depth = 784<LI>Call Chain = mt9v03x_write_word_sccb &rArr; soft_iic_sccb_write_register &rArr; soft_iic_send_data &rArr; soft_iic_wait_ack &rArr; debug_assert_handler &rArr; debug_output &rArr; sprintf
</UL>
<BR>[Calls]<UL><LI><a href="#[f8]">&gt;&gt;</a>&nbsp;&nbsp;&nbsp;soft_iic_sccb_write_register
</UL>
<BR>[Called By]<UL><LI><a href="#[f0]">&gt;&gt;</a>&nbsp;&nbsp;&nbsp;mt9v03x_set_config_sccb
</UL>

<P><STRONG><a name="[f3]"></a>mt9v03x_read_word_sccb</STRONG> (Thumb, 60 bytes, Stack size 16 bytes, zf_device_config.o(.text.mt9v03x_read_word_sccb))
<BR><BR>[Stack]<UL><LI>Max Depth = 784<LI>Call Chain = mt9v03x_read_word_sccb &rArr; soft_iic_sccb_read_register &rArr; soft_iic_read_data &rArr; soft_iic_send_ack &rArr; debug_assert_handler &rArr; debug_output &rArr; sprintf
</UL>
<BR>[Calls]<UL><LI><a href="#[f4]">&gt;&gt;</a>&nbsp;&nbsp;&nbsp;soft_iic_sccb_read_register
</UL>
<BR>[Called By]<UL><LI><a href="#[f0]">&gt;&gt;</a>&nbsp;&nbsp;&nbsp;mt9v03x_set_config_sccb
</UL>

<P><STRONG><a name="[105]"></a>_fp_digits</STRONG> (Thumb, 366 bytes, Stack size 64 bytes, printfa.o(i._fp_digits), UNUSED)
<BR><BR>[Calls]<UL><LI><a href="#[68]">&gt;&gt;</a>&nbsp;&nbsp;&nbsp;__aeabi_ddiv
<LI><a href="#[60]">&gt;&gt;</a>&nbsp;&nbsp;&nbsp;__aeabi_dadd
<LI><a href="#[67]">&gt;&gt;</a>&nbsp;&nbsp;&nbsp;__aeabi_dmul
<LI><a href="#[106]">&gt;&gt;</a>&nbsp;&nbsp;&nbsp;__aeabi_cdrcmple
<LI><a href="#[6f]">&gt;&gt;</a>&nbsp;&nbsp;&nbsp;__aeabi_uldivmod
<LI><a href="#[70]">&gt;&gt;</a>&nbsp;&nbsp;&nbsp;__aeabi_d2ulz
</UL>
<BR>[Called By]<UL><LI><a href="#[103]">&gt;&gt;</a>&nbsp;&nbsp;&nbsp;_printf_core
</UL>

<P><STRONG><a name="[103]"></a>_printf_core</STRONG> (Thumb, 1744 bytes, Stack size 136 bytes, printfa.o(i._printf_core), UNUSED)
<BR><BR>[Calls]<UL><LI><a href="#[6f]">&gt;&gt;</a>&nbsp;&nbsp;&nbsp;__aeabi_uldivmod
<LI><a href="#[109]">&gt;&gt;</a>&nbsp;&nbsp;&nbsp;__aeabi_uidivmod
<LI><a href="#[107]">&gt;&gt;</a>&nbsp;&nbsp;&nbsp;_printf_pre_padding
<LI><a href="#[108]">&gt;&gt;</a>&nbsp;&nbsp;&nbsp;_printf_post_padding
<LI><a href="#[105]">&gt;&gt;</a>&nbsp;&nbsp;&nbsp;_fp_digits
</UL>
<BR>[Called By]<UL><LI><a href="#[104]">&gt;&gt;</a>&nbsp;&nbsp;&nbsp;__0sprintf
<LI><a href="#[102]">&gt;&gt;</a>&nbsp;&nbsp;&nbsp;__0printf
</UL>

<P><STRONG><a name="[108]"></a>_printf_post_padding</STRONG> (Thumb, 36 bytes, Stack size 24 bytes, printfa.o(i._printf_post_padding), UNUSED)
<BR><BR>[Called By]<UL><LI><a href="#[103]">&gt;&gt;</a>&nbsp;&nbsp;&nbsp;_printf_core
</UL>

<P><STRONG><a name="[107]"></a>_printf_pre_padding</STRONG> (Thumb, 46 bytes, Stack size 24 bytes, printfa.o(i._printf_pre_padding), UNUSED)
<BR><BR>[Called By]<UL><LI><a href="#[103]">&gt;&gt;</a>&nbsp;&nbsp;&nbsp;_printf_core
</UL>

<P><STRONG><a name="[54]"></a>_sputc</STRONG> (Thumb, 10 bytes, Stack size 0 bytes, printfa.o(i._sputc))
<BR><BR>[Called By]<UL><LI><a href="#[104]">&gt;&gt;</a>&nbsp;&nbsp;&nbsp;__0sprintf
</UL>
<BR>[Address Reference Count : 1]<UL><LI> printfa.o(i.__0sprintf)
</UL><P>
<H3>
Undefined Global Symbols
</H3><HR></body></html>
