<html>
<body>
<pre>
<h1>µVision Build Log</h1>
<h2>Tool Versions:</h2>
IDE-Version: ¦ÌVision V5.37.0.0
Copyright (C) 2022 ARM Ltd and ARM Germany GmbH. All rights reserved.
License Information: 1 yuenanmu, 1, LIC=WHYH9-4XVKK-CXEU6-D2NHE-NA0NB-CXDEC
 
Tool Versions:
Toolchain:       MDK-ARM Plus  Version: 5.37.0.0
Toolchain Path:  D:\Stm32Software\Keil5 MDK\keygen_new2032\Keil5\ARM\ARMCLANG\Bin
C Compiler:      ArmClang.exe V6.18
Assembler:       Armasm.exe V6.18
Linker/Locator:  ArmLink.exe V6.18
Library Manager: ArmAr.exe V6.18
Hex Converter:   FromElf.exe V6.18
CPU DLL:         SARMCM3.DLL V5.37.0.0
Dialog DLL:      DCM.DLL V1.17.5.0
Target DLL:      CMSIS_AGDI.dll V1.33.12.0
Dialog DLL:      TCM.DLL V1.56.1.0
 
<h2>Project:</h2>
D:\git\learngit\Ds.sr_MM32\project\mdk\mm32f327x_g8p.uvprojx
Project File Date:  07/09/2025

<h2>Output:</h2>
*** Using Compiler 'V6.18', folder: 'D:\Stm32Software\Keil5 MDK\keygen_new2032\Keil5\ARM\ARMCLANG\Bin'
Build target 'mm32f327x_g8p_project'
compiling img_handle.c...
linking...
Program Size: Code=36768 RO-data=3468 RW-data=240 ZI-data=79120  
FromELF: creating hex file...
".\Objects\MM32F327X_G8P.axf" - 0 Error(s), 0 Warning(s).

<h2>Software Packages used:</h2>

Package Vendor: MindMotion
                http://www.mindmotion.com.cn/Download/MDK_KEIL/MindMotion.MM32F3270_DFP.1.0.5.pack
                MindMotion.MM32F3270_DFP.1.0.5
                MindMotion MM32F3270 Series Device Support, Drivers and Examples

<h2>Collection of Component include folders:</h2>
  D:/Stm32Software/Keil5 MDK/keygen_new2032/Keil5/ARM/PACK/MindMotion/MM32F3270_DFP/1.0.5/Device/MM32F327x/Include

<h2>Collection of Component Files used:</h2>
Build Time Elapsed:  00:00:01
</pre>
</body>
</html>
